#
# There is insufficient memory for the Java Runtime Environment to continue.
# Native memory allocation (mmap) failed to map 572522496 bytes. Error detail: G1 virtual space
# Possible reasons:
#   The system is out of physical RAM or swap space
#   This process is running with CompressedOops enabled, and the Java Heap may be blocking the growth of the native heap
# Possible solutions:
#   Reduce memory load on the system
#   Increase physical memory or swap space
#   Check if swap backing store is full
#   Decrease Java heap size (-Xmx/-Xms)
#   Decrease number of Java threads
#   Decrease Java thread stack sizes (-Xss)
#   Set larger code cache with -XX:ReservedCodeCacheSize=
#   JVM is running with Zero Based Compressed Oops mode in which the Java heap is
#     placed in the first 32GB address space. The Java Heap base address is the
#     maximum limit for the native heap growth. Please use -XX:HeapBaseMinAddress
#     to set the Java Heap base and to place the Java Heap above 32GB virtual address.
# This output file may be truncated or incomplete.
#
#  Out of Memory Error (os_windows.cpp:3713), pid=20920, tid=20700
#
# JRE version: OpenJDK Runtime Environment Temurin-21.0.8+9 (21.0.8+9) (build 21.0.8+9-LTS)
# Java VM: OpenJDK 64-Bit Server VM Temurin-21.0.8+9 (21.0.8+9-LTS, mixed mode, tiered, compressed oops, compressed class ptrs, g1 gc, windows-amd64)
# No core dump will be written. Minidumps are not enabled by default on client versions of Windows
#

---------------  S U M M A R Y ------------

Command Line: --add-opens=java.base/java.nio=ALL-UNNAMED --add-opens=java.base/java.util=ALL-UNNAMED --add-opens=java.base/java.lang=ALL-UNNAMED -Dactiveviam.feature.experimental.allow_change_measure_type.enabled=true -Dactiveviam.feature.experimental.copper_in_distributed_cube.enabled=true -Dactiveviam.feature.experimental.dynamic_aggregate_provider.enabled=true -Dactiveviam.feature.experimental.experimental_copper.enabled=true -Dloader.path=c:\Users\Asus\fix_env\lib\site-packages\_atoti_server\__resources__\application.jar,c:\Users\Asus\fix_env\lib\site-packages\_atoti_server\__resources__\atoti-admin-ui.jar,c:\Users\Asus\fix_env\lib\site-packages\_atoti_server\__resources__\atoti-ui-initial-content.jar,c:\Users\Asus\fix_env\lib\site-packages\_atoti_server_parquet\__resources__\plugin.jar -Dotel.service.name=atoti.server -Dserver.port=0 -Dserver.session_directory=C:\Users\Asus\.atoti\1779901034549494300-19532-1 -Dserver.logging.disable_console_logging=true -Dhadoop.home.dir=c:\Users\Asus\fix_env\lib\site-packages\_atoti_server\__resources__\hadoop-3.2.1 c:\Users\Asus\fix_env\lib\site-packages\_atoti_server\__resources__\server.jar --bind-address=127.0.0.1 --enable-auth --session-config-path=C:\Users\Asus\AppData\Local\Temp\tmp1eh64ajy.json --port-path=C:\Users\Asus\AppData\Local\Temp\tmpmkp9wuyy

Host: AMD Ryzen 7 7730U with Radeon Graphics         , 16 cores, 15G,  Windows 11 , 64 bit Build 26100 (10.0.26100.8328)
Time: Wed May 27 23:57:57 2026 SE Asia Standard Time elapsed time: 43.021781 seconds (0d 0h 0m 43s)

---------------  T H R E A D  ---------------

Current thread (0x000002204f8209b0):  VMThread "VM Thread"          [id=20700, stack(0x000000d669f00000,0x000000d66a000000) (1024K)]

Stack: [0x000000d669f00000,0x000000d66a000000]
Native frames: (J=compiled Java code, j=interpreted, Vv=VM code, C=native code)
V  [jvm.dll+0x6d2449]
V  [jvm.dll+0x8ae341]
V  [jvm.dll+0x8b08be]
V  [jvm.dll+0x8b0fa3]
V  [jvm.dll+0x280c96]
V  [jvm.dll+0x6cec15]
V  [jvm.dll+0x6c2c3a]
V  [jvm.dll+0x35867a]
V  [jvm.dll+0x360246]
V  [jvm.dll+0x3b1f9e]
V  [jvm.dll+0x3b2248]
V  [jvm.dll+0x32c8fc]
V  [jvm.dll+0x32c987]
V  [jvm.dll+0x3706fc]
V  [jvm.dll+0x36ef48]
V  [jvm.dll+0x32c0c1]
V  [jvm.dll+0x36e5ba]
V  [jvm.dll+0x8b6cbf]
V  [jvm.dll+0x8b8044]
V  [jvm.dll+0x8b8580]
V  [jvm.dll+0x8b8823]
V  [jvm.dll+0x857e6b]
V  [jvm.dll+0x6d0b0d]
C  [ucrtbase.dll+0x37b0]
C  [KERNEL32.DLL+0x2e957]
C  [ntdll.dll+0x427c]

VM_Operation (0x000000d66e2fe310): G1CollectForAllocation, mode: safepoint, requested by thread 0x000002205be7f6e0


---------------  P R O C E S S  ---------------

Threads class SMR info:
_java_thread_list=0x000002205aa61600, length=64, elements={
0x000002204f855d30, 0x000002204f8906c0, 0x000002204f886ad0, 0x000002204f887520,
0x000002204f8a0f60, 0x000002204f8a19b0, 0x000002204f8ac750, 0x000002204f8b26f0,
0x000002204fa39be0, 0x000002204fa605c0, 0x00000220541bf240, 0x00000220554fb9c0,
0x0000022055dcf610, 0x0000022055dcef80, 0x0000022055dce260, 0x0000022055dcfca0,
0x00000220592e64f0, 0x00000220592e7f30, 0x00000220592e5e60, 0x00000220592e7210,
0x00000220592e6b80, 0x00000220592e78a0, 0x00000220592ea000, 0x00000220592e8c50,
0x00000220592e9970, 0x00000220592ead20, 0x000002205be78de0, 0x000002205be7aeb0,
0x000002205be780c0, 0x000002205be7b540, 0x000002205be78750, 0x000002205be79470,
0x000002205be7a820, 0x000002205be7a190, 0x000002205be7c8f0, 0x000002205be7bbd0,
0x000002205be7cf80, 0x000002205be79b00, 0x000002205be7e330, 0x000002205be7dca0,
0x000002205be7e9c0, 0x000002205be7f6e0, 0x0000022058f12ec0, 0x0000022058f10df0,
0x0000022058f14900, 0x0000022058f13be0, 0x0000022058f13550, 0x0000022058f14270,
0x0000022058f11480, 0x0000022058f14f90, 0x0000022058f121a0, 0x0000022058f12830,
0x0000022058f11b10, 0x0000022058f169d0, 0x0000022058f15cb0, 0x000002204fb32e70,
0x000002204fb355d0, 0x000002204fb348b0, 0x0000022057cc49b0, 0x00000220575e1490,
0x00000220575e36a0, 0x00000220575e2900, 0x00000220575e51e0, 0x00000220575e2230
}

Java Threads: ( => current thread )
  0x000002204f855d30 JavaThread "Reference Handler"          daemon [_thread_blocked, id=19612, stack(0x000000d66a000000,0x000000d66a100000) (1024K)]
  0x000002204f8906c0 JavaThread "Finalizer"                  daemon [_thread_blocked, id=21116, stack(0x000000d66a100000,0x000000d66a200000) (1024K)]
  0x000002204f886ad0 JavaThread "Signal Dispatcher"          daemon [_thread_blocked, id=20520, stack(0x000000d66a200000,0x000000d66a300000) (1024K)]
  0x000002204f887520 JavaThread "Attach Listener"            daemon [_thread_blocked, id=10816, stack(0x000000d66a300000,0x000000d66a400000) (1024K)]
  0x000002204f8a0f60 JavaThread "Service Thread"             daemon [_thread_blocked, id=11328, stack(0x000000d66a400000,0x000000d66a500000) (1024K)]
  0x000002204f8a19b0 JavaThread "Monitor Deflation Thread"   daemon [_thread_blocked, id=19624, stack(0x000000d66a500000,0x000000d66a600000) (1024K)]
  0x000002204f8ac750 JavaThread "C2 CompilerThread0"         daemon [_thread_blocked, id=7196, stack(0x000000d66a600000,0x000000d66a700000) (1024K)]
  0x000002204f8b26f0 JavaThread "C1 CompilerThread0"         daemon [_thread_blocked, id=21028, stack(0x000000d66a700000,0x000000d66a800000) (1024K)]
  0x000002204fa39be0 JavaThread "Common-Cleaner"             daemon [_thread_blocked, id=10072, stack(0x000000d66aa00000,0x000000d66ab00000) (1024K)]
  0x000002204fa605c0 JavaThread "Notification Thread"        daemon [_thread_blocked, id=21120, stack(0x000000d66ab00000,0x000000d66ac00000) (1024K)]
  0x00000220541bf240 JavaThread "Cleaner-0"                  daemon [_thread_blocked, id=13540, stack(0x000000d66ad00000,0x000000d66ae00000) (1024K)]
  0x00000220554fb9c0 JavaThread "JNA Cleaner"                daemon [_thread_blocked, id=15324, stack(0x000000d66b700000,0x000000d66b800000) (1024K)]
  0x0000022055dcf610 JavaThread "ActiveViam License"         daemon [_thread_blocked, id=20956, stack(0x000000d66af00000,0x000000d66b000000) (1024K)]
  0x0000022055dcef80 JavaThread "Thread-0"                          [_thread_in_native, id=19664, stack(0x000000d66b000000,0x000000d66b100000) (1024K)]
  0x0000022055dce260 JavaThread "activeviam-discard-on-gc"   daemon [_thread_blocked, id=6736, stack(0x000000d66c000000,0x000000d66c100000) (1024K)]
  0x0000022055dcfca0 JavaThread "activeviam-common-pool-worker-0" daemon [_thread_blocked, id=4000, stack(0x000000d66c200000,0x000000d66c300000) (1024K)]
  0x00000220592e64f0 JavaThread "Timer-0"                           [_thread_blocked, id=20184, stack(0x000000d66c800000,0x000000d66c900000) (1024K)]
  0x00000220592e7f30 JavaThread "Catalina-utility-1"                [_thread_blocked, id=14424, stack(0x000000d66c900000,0x000000d66ca00000) (1024K)]
  0x00000220592e5e60 JavaThread "Catalina-utility-2"                [_thread_blocked, id=21352, stack(0x000000d66ca00000,0x000000d66cb00000) (1024K)]
  0x00000220592e7210 JavaThread "container-0"                       [_thread_blocked, id=3240, stack(0x000000d66cb00000,0x000000d66cc00000) (1024K)]
  0x00000220592e6b80 JavaThread "activeviam-health-check-worker" daemon [_thread_blocked, id=13108, stack(0x000000d66cc00000,0x000000d66cd00000) (1024K)]
  0x00000220592e78a0 JavaThread "activeviam-scheduler-0"     daemon [_thread_blocked, id=18960, stack(0x000000d66cd00000,0x000000d66ce00000) (1024K)]
  0x00000220592ea000 JavaThread "http-nio-auto-1-exec-1"     daemon [_thread_blocked, id=8860, stack(0x000000d66c700000,0x000000d66c800000) (1024K)]
  0x00000220592e8c50 JavaThread "http-nio-auto-1-exec-2"     daemon [_thread_blocked, id=20440, stack(0x000000d66ce00000,0x000000d66cf00000) (1024K)]
  0x00000220592e9970 JavaThread "http-nio-auto-1-exec-3"     daemon [_thread_blocked, id=14804, stack(0x000000d66cf00000,0x000000d66d000000) (1024K)]
  0x00000220592ead20 JavaThread "http-nio-auto-1-exec-4"     daemon [_thread_blocked, id=10392, stack(0x000000d66d000000,0x000000d66d100000) (1024K)]
  0x000002205be78de0 JavaThread "http-nio-auto-1-exec-5"     daemon [_thread_blocked, id=14916, stack(0x000000d66d100000,0x000000d66d200000) (1024K)]
  0x000002205be7aeb0 JavaThread "http-nio-auto-1-exec-6"     daemon [_thread_blocked, id=14592, stack(0x000000d66d200000,0x000000d66d300000) (1024K)]
  0x000002205be780c0 JavaThread "http-nio-auto-1-exec-7"     daemon [_thread_blocked, id=19936, stack(0x000000d66d300000,0x000000d66d400000) (1024K)]
  0x000002205be7b540 JavaThread "http-nio-auto-1-exec-8"     daemon [_thread_blocked, id=4068, stack(0x000000d66d400000,0x000000d66d500000) (1024K)]
  0x000002205be78750 JavaThread "http-nio-auto-1-exec-9"     daemon [_thread_blocked, id=2264, stack(0x000000d66d500000,0x000000d66d600000) (1024K)]
  0x000002205be79470 JavaThread "http-nio-auto-1-exec-10"    daemon [_thread_blocked, id=17056, stack(0x000000d66d600000,0x000000d66d700000) (1024K)]
  0x000002205be7a820 JavaThread "http-nio-auto-1-Poller"     daemon [_thread_in_native, id=2652, stack(0x000000d66d700000,0x000000d66d800000) (1024K)]
  0x000002205be7a190 JavaThread "http-nio-auto-1-Acceptor"   daemon [_thread_in_native, id=16280, stack(0x000000d66d800000,0x000000d66d900000) (1024K)]
  0x000002205be7c8f0 JavaThread "DestroyJavaVM"                     [_thread_blocked, id=20584, stack(0x000000d669800000,0x000000d669900000) (1024K)]
  0x000002205be7bbd0 JavaThread "Thread-5"                          [_thread_in_native, id=19776, stack(0x000000d66c100000,0x000000d66c200000) (1024K)]
  0x000002205be7cf80 JavaThread "Thread-6"                          [_thread_in_native, id=12800, stack(0x000000d66a800000,0x000000d66a900000) (1024K)]
  0x000002205be79b00 JavaThread "Cleaner-1"                  daemon [_thread_blocked, id=12836, stack(0x000000d66ac00000,0x000000d66ad00000) (1024K)]
  0x000002205be7e330 JavaThread "activepivot-health-event-dispatcher" daemon [_thread_blocked, id=20264, stack(0x000000d66c500000,0x000000d66c600000) (1024K)]
  0x000002205be7dca0 JavaThread "activeviam-pool-0-transaction-worker-0" daemon [_thread_blocked, id=8360, stack(0x000000d66de00000,0x000000d66df00000) (1024K)]
  0x000002205be7e9c0 JavaThread "activeviam-pool-0-transaction-worker-1" daemon [_thread_blocked, id=6488, stack(0x000000d66e100000,0x000000d66e200000) (1024K)]
  0x000002205be7f6e0 JavaThread "activeviam-pool-0-transaction-worker-2" daemon [_thread_blocked, id=19452, stack(0x000000d66e200000,0x000000d66e300000) (1024K)]
  0x0000022058f12ec0 JavaThread "activeviam-pool-0-transaction-worker-3" daemon [_thread_blocked, id=4364, stack(0x000000d66e300000,0x000000d66e400000) (1024K)]
  0x0000022058f10df0 JavaThread "activeviam-pool-0-transaction-worker-4" daemon [_thread_blocked, id=19780, stack(0x000000d66e400000,0x000000d66e500000) (1024K)]
  0x0000022058f14900 JavaThread "activeviam-pool-0-transaction-worker-5" daemon [_thread_blocked, id=15540, stack(0x000000d66e500000,0x000000d66e600000) (1024K)]
  0x0000022058f13be0 JavaThread "activeviam-pool-0-transaction-worker-6" daemon [_thread_blocked, id=6540, stack(0x000000d66e600000,0x000000d66e700000) (1024K)]
  0x0000022058f13550 JavaThread "activeviam-pool-0-transaction-worker-7" daemon [_thread_blocked, id=1444, stack(0x000000d66e700000,0x000000d66e800000) (1024K)]
  0x0000022058f14270 JavaThread "activeviam-pool-0-transaction-worker-8" daemon [_thread_blocked, id=11008, stack(0x000000d66e800000,0x000000d66e900000) (1024K)]
  0x0000022058f11480 JavaThread "activeviam-pool-0-transaction-worker-9" daemon [_thread_blocked, id=21288, stack(0x000000d66e900000,0x000000d66ea00000) (1024K)]
  0x0000022058f14f90 JavaThread "activeviam-pool-0-transaction-worker-10" daemon [_thread_blocked, id=18464, stack(0x000000d66ea00000,0x000000d66eb00000) (1024K)]
  0x0000022058f121a0 JavaThread "activeviam-pool-0-transaction-worker-11" daemon [_thread_blocked, id=20812, stack(0x000000d66eb00000,0x000000d66ec00000) (1024K)]
  0x0000022058f12830 JavaThread "activeviam-pool-0-transaction-worker-12" daemon [_thread_blocked, id=18212, stack(0x000000d66ec00000,0x000000d66ed00000) (1024K)]
  0x0000022058f11b10 JavaThread "activeviam-pool-0-transaction-worker-13" daemon [_thread_blocked, id=19004, stack(0x000000d66ed00000,0x000000d66ee00000) (1024K)]
  0x0000022058f169d0 JavaThread "activeviam-pool-0-transaction-worker-14" daemon [_thread_blocked, id=11616, stack(0x000000d66ee00000,0x000000d66ef00000) (1024K)]
  0x0000022058f15cb0 JavaThread "activeviam-pool-0-transaction-worker-15" daemon [_thread_blocked, id=19660, stack(0x000000d66ef00000,0x000000d66f000000) (1024K)]
  0x000002204fb32e70 JavaThread "av-fence-renewer"           daemon [_thread_blocked, id=816, stack(0x000000d66f000000,0x000000d66f100000) (1024K)]
  0x000002204fb355d0 JavaThread "av-active-collector"        daemon [_thread_blocked, id=15044, stack(0x000000d66f100000,0x000000d66f200000) (1024K)]
  0x000002204fb348b0 JavaThread "activeviam-common-pool-worker-1" daemon [_thread_blocked, id=300, stack(0x000000d66a900000,0x000000d66aa00000) (1024K)]
  0x0000022057cc49b0 JavaThread "C1 CompilerThread1"         daemon [_thread_blocked, id=11344, stack(0x000000d66c600000,0x000000d66c700000) (1024K)]
  0x00000220575e1490 JavaThread "C1 CompilerThread2"         daemon [_thread_blocked, id=13336, stack(0x000000d66c400000,0x000000d66c500000) (1024K)]
  0x00000220575e36a0 JavaThread "C1 CompilerThread3"         daemon [_thread_blocked, id=7692, stack(0x000000d66dc00000,0x000000d66dd00000) (1024K)]
  0x00000220575e2900 JavaThread "C2 CompilerThread1"         daemon [_thread_blocked, id=19980, stack(0x000000d66c300000,0x000000d66c400000) (1024K)]
  0x00000220575e51e0 JavaThread "C2 CompilerThread2"         daemon [_thread_blocked, id=18560, stack(0x000000d66d900000,0x000000d66da00000) (1024K)]
  0x00000220575e2230 JavaThread "C2 CompilerThread3"         daemon [_thread_blocked, id=8832, stack(0x000000d66da00000,0x000000d66db00000) (1024K)]
Total: 64

Other Threads:
=>0x000002204f8209b0 VMThread "VM Thread"                           [id=20700, stack(0x000000d669f00000,0x000000d66a000000) (1024K)]
  0x000002204f78dd10 WatcherThread "VM Periodic Task Thread"        [id=2820, stack(0x000000d669e00000,0x000000d669f00000) (1024K)]
  0x0000022034265ba0 WorkerThread "GC Thread#0"                     [id=7028, stack(0x000000d669900000,0x000000d669a00000) (1024K)]
  0x0000022054a77350 WorkerThread "GC Thread#1"                     [id=19988, stack(0x000000d66b100000,0x000000d66b200000) (1024K)]
  0x0000022054b5d710 WorkerThread "GC Thread#2"                     [id=21344, stack(0x000000d66b200000,0x000000d66b300000) (1024K)]
  0x0000022054b5dab0 WorkerThread "GC Thread#3"                     [id=21272, stack(0x000000d66b300000,0x000000d66b400000) (1024K)]
  0x0000022054b5de50 WorkerThread "GC Thread#4"                     [id=10052, stack(0x000000d66b400000,0x000000d66b500000) (1024K)]
  0x0000022054b51350 WorkerThread "GC Thread#5"                     [id=17476, stack(0x000000d66ae00000,0x000000d66af00000) (1024K)]
  0x00000220557260e0 WorkerThread "GC Thread#6"                     [id=4580, stack(0x000000d66b500000,0x000000d66b600000) (1024K)]
  0x000002205714d7a0 WorkerThread "GC Thread#7"                     [id=12044, stack(0x000000d66b600000,0x000000d66b700000) (1024K)]
  0x0000022055a62dd0 WorkerThread "GC Thread#8"                     [id=276, stack(0x000000d66b800000,0x000000d66b900000) (1024K)]
  0x000002205578fba0 WorkerThread "GC Thread#9"                     [id=19064, stack(0x000000d66b900000,0x000000d66ba00000) (1024K)]
  0x00000220560afb20 WorkerThread "GC Thread#10"                    [id=9652, stack(0x000000d66ba00000,0x000000d66bb00000) (1024K)]
  0x0000022055791b80 WorkerThread "GC Thread#11"                    [id=7288, stack(0x000000d66bb00000,0x000000d66bc00000) (1024K)]
  0x0000022055508c50 WorkerThread "GC Thread#12"                    [id=7680, stack(0x000000d66bc00000,0x000000d66bd00000) (1024K)]
  0x0000022034276010 ConcurrentGCThread "G1 Main Marker"            [id=21096, stack(0x000000d669a00000,0x000000d669b00000) (1024K)]
  0x0000022034279660 WorkerThread "G1 Conc#0"                       [id=20324, stack(0x000000d669b00000,0x000000d669c00000) (1024K)]
  0x00000220555084b0 WorkerThread "G1 Conc#1"                       [id=16920, stack(0x000000d66bd00000,0x000000d66be00000) (1024K)]
  0x0000022056c961d0 WorkerThread "G1 Conc#2"                       [id=20888, stack(0x000000d66bf00000,0x000000d66c000000) (1024K)]
  0x000002204f6647d0 ConcurrentGCThread "G1 Refine#0"               [id=19972, stack(0x000000d669c00000,0x000000d669d00000) (1024K)]
  0x000002204f664ff0 ConcurrentGCThread "G1 Service"                [id=20228, stack(0x000000d669d00000,0x000000d669e00000) (1024K)]
Total: 21

Threads with active compile tasks:
C2 CompilerThread2  43120 13566       4       java.time.LocalTime::toString (217 bytes)
C2 CompilerThread3  43121 13424       4       java.time.LocalDateTime::toString (36 bytes)
Total: 2

VM state: at safepoint (normal execution)

VM Mutex/Monitor currently owned by a thread:  ([mutex/lock_event])
[0x00007ffca3155458] Threads_lock - owner thread: 0x000002204f8209b0
[0x00007ffca3155558] Heap_lock - owner thread: 0x000002205be7f6e0

Heap address: 0x0000000709800000, size: 3944 MB, Compressed Oops mode: Zero based, Oop shift amount: 3

CDS archive(s) not mapped
Compressed class space mapped at: 0x0000000800000000-0x0000000840000000, reserved size: 1073741824
Narrow klass base: 0x0000000800000000, Narrow klass shift: 0, Narrow klass range: 0x40000000

GC Precious Log:
 CardTable entry size: 512
 Card Set container configuration: InlinePtr #cards 4 size 8 Array Of Cards #cards 16 size 48 Howl #buckets 8 coarsen threshold 3686 Howl Bitmap #cards 512 size 80 coarsen threshold 460 Card regions per heap region 1 cards per card region 4096
 CPUs: 16 total, 16 available
 Memory: 15773M
 Large Page Support: Disabled
 NUMA Support: Disabled
 Compressed Oops: Enabled (Zero based)
 Heap Region Size: 2M
 Heap Min Capacity: 8M
 Heap Initial Capacity: 248M
 Heap Max Capacity: 3944M
 Pre-touch: Disabled
 Parallel Workers: 13
 Concurrent Workers: 3
 Concurrent Refinement Workers: 13
 Periodic GC: Disabled

Heap:
 garbage-first heap   total 321536K, used 216602K [0x0000000709800000, 0x0000000800000000)
  region size 2048K, 6 young (12288K), 6 survivors (12288K)
 Metaspace       used 104237K, committed 105472K, reserved 1179648K
  class space    used 13986K, committed 14528K, reserved 1048576K

Heap Regions: E=young(eden), S=young(survivor), O=old, HS=humongous(starts), HC=humongous(continues), CS=collection set, F=free, TAMS=top-at-mark-start, PB=parsable bottom
|   0|0x0000000709800000, 0x0000000709a00000, 0x0000000709a00000|100%|HS|  |TAMS 0x0000000709a00000| PB 0x0000000709800000| Complete 
|   1|0x0000000709a00000, 0x0000000709c00000, 0x0000000709c00000|100%|HC|  |TAMS 0x0000000709c00000| PB 0x0000000709a00000| Complete 
|   2|0x0000000709c00000, 0x0000000709e00000, 0x0000000709e00000|100%| O|  |TAMS 0x0000000709e00000| PB 0x0000000709c00000| Untracked 
|   3|0x0000000709e00000, 0x000000070a000000, 0x000000070a000000|100%| O|  |TAMS 0x000000070a000000| PB 0x0000000709e00000| Untracked 
|   4|0x000000070a000000, 0x000000070a200000, 0x000000070a200000|100%| O|  |TAMS 0x000000070a200000| PB 0x000000070a000000| Untracked 
|   5|0x000000070a200000, 0x000000070a400000, 0x000000070a400000|100%| O|  |TAMS 0x000000070a400000| PB 0x000000070a200000| Untracked 
|   6|0x000000070a400000, 0x000000070a600000, 0x000000070a600000|100%| O|  |TAMS 0x000000070a600000| PB 0x000000070a400000| Untracked 
|   7|0x000000070a600000, 0x000000070a800000, 0x000000070a800000|100%| O|  |TAMS 0x000000070a800000| PB 0x000000070a600000| Untracked 
|   8|0x000000070a800000, 0x000000070aa00000, 0x000000070aa00000|100%| O|  |TAMS 0x000000070aa00000| PB 0x000000070a800000| Untracked 
|   9|0x000000070aa00000, 0x000000070ac00000, 0x000000070ac00000|100%| O|  |TAMS 0x000000070ac00000| PB 0x000000070aa00000| Untracked 
|  10|0x000000070ac00000, 0x000000070ae00000, 0x000000070ae00000|100%| O|  |TAMS 0x000000070ae00000| PB 0x000000070ac00000| Untracked 
|  11|0x000000070ae00000, 0x000000070b000000, 0x000000070b000000|100%| O|  |TAMS 0x000000070b000000| PB 0x000000070ae00000| Untracked 
|  12|0x000000070b000000, 0x000000070b200000, 0x000000070b200000|100%| O|  |TAMS 0x000000070b200000| PB 0x000000070b000000| Untracked 
|  13|0x000000070b200000, 0x000000070b400000, 0x000000070b400000|100%| O|  |TAMS 0x000000070b400000| PB 0x000000070b200000| Untracked 
|  14|0x000000070b400000, 0x000000070b600000, 0x000000070b600000|100%| O|  |TAMS 0x000000070b600000| PB 0x000000070b400000| Untracked 
|  15|0x000000070b600000, 0x000000070b800000, 0x000000070b800000|100%| O|  |TAMS 0x000000070b800000| PB 0x000000070b600000| Untracked 
|  16|0x000000070b800000, 0x000000070ba00000, 0x000000070ba00000|100%| O|  |TAMS 0x000000070ba00000| PB 0x000000070b800000| Untracked 
|  17|0x000000070ba00000, 0x000000070bc00000, 0x000000070bc00000|100%| O|  |TAMS 0x000000070ba00000| PB 0x000000070ba00000| Untracked 
|  18|0x000000070bc00000, 0x000000070be00000, 0x000000070be00000|100%| O|  |TAMS 0x000000070be00000| PB 0x000000070bc00000| Untracked 
|  19|0x000000070be00000, 0x000000070c000000, 0x000000070c000000|100%| O|  |TAMS 0x000000070c000000| PB 0x000000070be00000| Untracked 
|  20|0x000000070c000000, 0x000000070c200000, 0x000000070c200000|100%| O|  |TAMS 0x000000070c000000| PB 0x000000070c000000| Untracked 
|  21|0x000000070c200000, 0x000000070c400000, 0x000000070c400000|100%| O|  |TAMS 0x000000070c400000| PB 0x000000070c200000| Untracked 
|  22|0x000000070c400000, 0x000000070c600000, 0x000000070c600000|100%| O|  |TAMS 0x000000070c600000| PB 0x000000070c400000| Untracked 
|  23|0x000000070c600000, 0x000000070c800000, 0x000000070c800000|100%| O|  |TAMS 0x000000070c800000| PB 0x000000070c600000| Untracked 
|  24|0x000000070c800000, 0x000000070ca00000, 0x000000070ca00000|100%| O|  |TAMS 0x000000070ca00000| PB 0x000000070c800000| Untracked 
|  25|0x000000070ca00000, 0x000000070cc00000, 0x000000070cc00000|100%| O|  |TAMS 0x000000070cc00000| PB 0x000000070ca00000| Untracked 
|  26|0x000000070cc00000, 0x000000070ce00000, 0x000000070ce00000|100%| O|  |TAMS 0x000000070ce00000| PB 0x000000070cc00000| Untracked 
|  27|0x000000070ce00000, 0x000000070d000000, 0x000000070d000000|100%| O|  |TAMS 0x000000070d000000| PB 0x000000070ce00000| Untracked 
|  28|0x000000070d000000, 0x000000070d200000, 0x000000070d200000|100%| O|  |TAMS 0x000000070d200000| PB 0x000000070d000000| Untracked 
|  29|0x000000070d200000, 0x000000070d400000, 0x000000070d400000|100%| O|  |TAMS 0x000000070d400000| PB 0x000000070d200000| Untracked 
|  30|0x000000070d400000, 0x000000070d600000, 0x000000070d600000|100%| O|  |TAMS 0x000000070d600000| PB 0x000000070d400000| Untracked 
|  31|0x000000070d600000, 0x000000070d800000, 0x000000070d800000|100%| O|  |TAMS 0x000000070d800000| PB 0x000000070d600000| Untracked 
|  32|0x000000070d800000, 0x000000070da00000, 0x000000070da00000|100%| O|  |TAMS 0x000000070da00000| PB 0x000000070d800000| Untracked 
|  33|0x000000070da00000, 0x000000070dc00000, 0x000000070dc00000|100%| O|  |TAMS 0x000000070dc00000| PB 0x000000070da00000| Untracked 
|  34|0x000000070dc00000, 0x000000070de00000, 0x000000070de00000|100%| O|  |TAMS 0x000000070de00000| PB 0x000000070dc00000| Untracked 
|  35|0x000000070de00000, 0x000000070e000000, 0x000000070e000000|100%| O|  |TAMS 0x000000070e000000| PB 0x000000070de00000| Untracked 
|  36|0x000000070e000000, 0x000000070e200000, 0x000000070e200000|100%| O|  |TAMS 0x000000070e200000| PB 0x000000070e000000| Untracked 
|  37|0x000000070e200000, 0x000000070e400000, 0x000000070e400000|100%| O|  |TAMS 0x000000070e400000| PB 0x000000070e200000| Untracked 
|  38|0x000000070e400000, 0x000000070e600000, 0x000000070e600000|100%| O|  |TAMS 0x000000070e600000| PB 0x000000070e400000| Untracked 
|  39|0x000000070e600000, 0x000000070e800000, 0x000000070e800000|100%| O|  |TAMS 0x000000070e800000| PB 0x000000070e600000| Untracked 
|  40|0x000000070e800000, 0x000000070ea00000, 0x000000070ea00000|100%| O|  |TAMS 0x000000070ea00000| PB 0x000000070e800000| Untracked 
|  41|0x000000070ea00000, 0x000000070ec00000, 0x000000070ec00000|100%| O|  |TAMS 0x000000070ec00000| PB 0x000000070ea00000| Untracked 
|  42|0x000000070ec00000, 0x000000070ee00000, 0x000000070ee00000|100%| O|  |TAMS 0x000000070ee00000| PB 0x000000070ec00000| Untracked 
|  43|0x000000070ee00000, 0x000000070f000000, 0x000000070f000000|100%| O|  |TAMS 0x000000070f000000| PB 0x000000070ee00000| Untracked 
|  44|0x000000070f000000, 0x000000070f200000, 0x000000070f200000|100%| O|  |TAMS 0x000000070f200000| PB 0x000000070f000000| Untracked 
|  45|0x000000070f200000, 0x000000070f400000, 0x000000070f400000|100%| O|  |TAMS 0x000000070f400000| PB 0x000000070f200000| Untracked 
|  46|0x000000070f400000, 0x000000070f600000, 0x000000070f600000|100%|HS|  |TAMS 0x000000070f600000| PB 0x000000070f400000| Complete 
|  47|0x000000070f600000, 0x000000070f800000, 0x000000070f800000|100%| O|  |TAMS 0x000000070f800000| PB 0x000000070f600000| Untracked 
|  48|0x000000070f800000, 0x000000070fa00000, 0x000000070fa00000|100%|HS|  |TAMS 0x000000070fa00000| PB 0x000000070f800000| Complete 
|  49|0x000000070fa00000, 0x000000070fc00000, 0x000000070fc00000|100%|HC|  |TAMS 0x000000070fc00000| PB 0x000000070fa00000| Complete 
|  50|0x000000070fc00000, 0x000000070fe00000, 0x000000070fe00000|100%|HC|  |TAMS 0x000000070fe00000| PB 0x000000070fc00000| Complete 
|  51|0x000000070fe00000, 0x0000000710000000, 0x0000000710000000|100%| O|  |TAMS 0x0000000710000000| PB 0x000000070fe00000| Untracked 
|  52|0x0000000710000000, 0x0000000710200000, 0x0000000710200000|100%|HS|  |TAMS 0x0000000710200000| PB 0x0000000710000000| Complete 
|  53|0x0000000710200000, 0x0000000710400000, 0x0000000710400000|100%|HC|  |TAMS 0x0000000710400000| PB 0x0000000710200000| Complete 
|  54|0x0000000710400000, 0x0000000710600000, 0x0000000710600000|100%| O|  |TAMS 0x0000000710600000| PB 0x0000000710400000| Untracked 
|  55|0x0000000710600000, 0x0000000710800000, 0x0000000710800000|100%| O|  |TAMS 0x0000000710800000| PB 0x0000000710600000| Untracked 
|  56|0x0000000710800000, 0x0000000710a00000, 0x0000000710a00000|100%| O|  |TAMS 0x0000000710a00000| PB 0x0000000710800000| Untracked 
|  57|0x0000000710a00000, 0x0000000710c00000, 0x0000000710c00000|100%| O|  |TAMS 0x0000000710c00000| PB 0x0000000710a00000| Untracked 
|  58|0x0000000710c00000, 0x0000000710e00000, 0x0000000710e00000|100%| O|  |TAMS 0x0000000710e00000| PB 0x0000000710c00000| Untracked 
|  59|0x0000000710e00000, 0x0000000711000000, 0x0000000711000000|100%| O|  |TAMS 0x0000000711000000| PB 0x0000000710e00000| Untracked 
|  60|0x0000000711000000, 0x0000000711200000, 0x0000000711200000|100%| O|  |TAMS 0x0000000711200000| PB 0x0000000711000000| Untracked 
|  61|0x0000000711200000, 0x0000000711400000, 0x0000000711400000|100%| O|  |TAMS 0x0000000711400000| PB 0x0000000711200000| Untracked 
|  62|0x0000000711400000, 0x0000000711600000, 0x0000000711600000|100%| O|  |TAMS 0x0000000711600000| PB 0x0000000711400000| Untracked 
|  63|0x0000000711600000, 0x0000000711800000, 0x0000000711800000|100%| O|  |TAMS 0x0000000711800000| PB 0x0000000711600000| Untracked 
|  64|0x0000000711800000, 0x0000000711a00000, 0x0000000711a00000|100%| O|  |TAMS 0x0000000711a00000| PB 0x0000000711800000| Untracked 
|  65|0x0000000711a00000, 0x0000000711c00000, 0x0000000711c00000|100%| O|  |TAMS 0x0000000711c00000| PB 0x0000000711a00000| Untracked 
|  66|0x0000000711c00000, 0x0000000711e00000, 0x0000000711e00000|100%| O|  |TAMS 0x0000000711e00000| PB 0x0000000711c00000| Untracked 
|  67|0x0000000711e00000, 0x0000000712000000, 0x0000000712000000|100%| O|  |TAMS 0x0000000712000000| PB 0x0000000711e00000| Untracked 
|  68|0x0000000712000000, 0x0000000712200000, 0x0000000712200000|100%| O|  |TAMS 0x0000000712200000| PB 0x0000000712000000| Untracked 
|  69|0x0000000712200000, 0x0000000712400000, 0x0000000712400000|100%| O|  |TAMS 0x0000000712400000| PB 0x0000000712200000| Untracked 
|  70|0x0000000712400000, 0x0000000712600000, 0x0000000712600000|100%| O|  |TAMS 0x0000000712600000| PB 0x0000000712400000| Untracked 
|  71|0x0000000712600000, 0x0000000712800000, 0x0000000712800000|100%| O|  |TAMS 0x0000000712800000| PB 0x0000000712600000| Untracked 
|  72|0x0000000712800000, 0x0000000712a00000, 0x0000000712a00000|100%| O|  |TAMS 0x0000000712a00000| PB 0x0000000712800000| Untracked 
|  73|0x0000000712a00000, 0x0000000712c00000, 0x0000000712c00000|100%| O|  |TAMS 0x0000000712c00000| PB 0x0000000712a00000| Untracked 
|  74|0x0000000712c00000, 0x0000000712e00000, 0x0000000712e00000|100%| O|  |TAMS 0x0000000712e00000| PB 0x0000000712c00000| Untracked 
|  75|0x0000000712e00000, 0x0000000713000000, 0x0000000713000000|100%| O|  |TAMS 0x0000000713000000| PB 0x0000000712e00000| Untracked 
|  76|0x0000000713000000, 0x0000000713200000, 0x0000000713200000|100%| O|  |TAMS 0x0000000713200000| PB 0x0000000713000000| Untracked 
|  77|0x0000000713200000, 0x0000000713400000, 0x0000000713400000|100%| O|  |TAMS 0x0000000713400000| PB 0x0000000713200000| Untracked 
|  78|0x0000000713400000, 0x0000000713600000, 0x0000000713600000|100%| O|  |TAMS 0x0000000713600000| PB 0x0000000713400000| Untracked 
|  79|0x0000000713600000, 0x0000000713800000, 0x0000000713800000|100%| O|  |TAMS 0x0000000713800000| PB 0x0000000713600000| Untracked 
|  80|0x0000000713800000, 0x0000000713a00000, 0x0000000713a00000|100%| O|  |TAMS 0x0000000713a00000| PB 0x0000000713800000| Untracked 
|  81|0x0000000713a00000, 0x0000000713c00000, 0x0000000713c00000|100%| O|  |TAMS 0x0000000713c00000| PB 0x0000000713a00000| Untracked 
|  82|0x0000000713c00000, 0x0000000713e00000, 0x0000000713e00000|100%| O|  |TAMS 0x0000000713e00000| PB 0x0000000713c00000| Untracked 
|  83|0x0000000713e00000, 0x0000000714000000, 0x0000000714000000|100%| O|  |TAMS 0x0000000714000000| PB 0x0000000713e00000| Untracked 
|  84|0x0000000714000000, 0x0000000714200000, 0x0000000714200000|100%| O|  |TAMS 0x0000000714000000| PB 0x0000000714000000| Untracked 
|  85|0x0000000714200000, 0x0000000714400000, 0x0000000714400000|100%| O|  |TAMS 0x0000000714200000| PB 0x0000000714200000| Untracked 
|  86|0x0000000714400000, 0x0000000714600000, 0x0000000714600000|100%| O|  |TAMS 0x0000000714400000| PB 0x0000000714400000| Untracked 
|  87|0x0000000714600000, 0x0000000714800000, 0x0000000714800000|100%| O|  |TAMS 0x0000000714600000| PB 0x0000000714600000| Untracked 
|  88|0x0000000714800000, 0x0000000714a00000, 0x0000000714a00000|100%| O|  |TAMS 0x0000000714800000| PB 0x0000000714800000| Untracked 
|  89|0x0000000714a00000, 0x0000000714c00000, 0x0000000714c00000|100%| O|  |TAMS 0x0000000714a00000| PB 0x0000000714a00000| Untracked 
|  90|0x0000000714c00000, 0x0000000714e00000, 0x0000000714e00000|100%| O|  |TAMS 0x0000000714c00000| PB 0x0000000714c00000| Untracked 
|  91|0x0000000714e00000, 0x0000000714f86ba0, 0x0000000715000000| 76%| O|  |TAMS 0x0000000714e00000| PB 0x0000000714e00000| Untracked 
|  92|0x0000000715000000, 0x0000000715000000, 0x0000000715200000|  0%| F|  |TAMS 0x0000000715000000| PB 0x0000000715000000| Untracked 
|  93|0x0000000715200000, 0x0000000715400000, 0x0000000715400000|100%| O|  |TAMS 0x0000000715400000| PB 0x0000000715200000| Untracked 
|  94|0x0000000715400000, 0x0000000715600000, 0x0000000715600000|100%| O|  |TAMS 0x0000000715600000| PB 0x0000000715400000| Untracked 
|  95|0x0000000715600000, 0x0000000715800000, 0x0000000715800000|100%| O|  |TAMS 0x00000007157eff60| PB 0x0000000715600000| Untracked 
|  96|0x0000000715800000, 0x0000000715800000, 0x0000000715a00000|  0%| F|  |TAMS 0x0000000715800000| PB 0x0000000715800000| Untracked 
|  97|0x0000000715a00000, 0x0000000715a00000, 0x0000000715c00000|  0%| F|  |TAMS 0x0000000715a00000| PB 0x0000000715a00000| Untracked 
|  98|0x0000000715c00000, 0x0000000715c00000, 0x0000000715e00000|  0%| F|  |TAMS 0x0000000715c00000| PB 0x0000000715c00000| Untracked 
|  99|0x0000000715e00000, 0x0000000715e00000, 0x0000000716000000|  0%| F|  |TAMS 0x0000000715e00000| PB 0x0000000715e00000| Untracked 
| 100|0x0000000716000000, 0x0000000716000000, 0x0000000716200000|  0%| F|  |TAMS 0x0000000716000000| PB 0x0000000716000000| Untracked 
| 101|0x0000000716200000, 0x0000000716200000, 0x0000000716400000|  0%| F|  |TAMS 0x0000000716200000| PB 0x0000000716200000| Untracked 
| 102|0x0000000716400000, 0x0000000716400000, 0x0000000716600000|  0%| F|  |TAMS 0x0000000716400000| PB 0x0000000716400000| Untracked 
| 103|0x0000000716600000, 0x0000000716600000, 0x0000000716800000|  0%| F|  |TAMS 0x0000000716600000| PB 0x0000000716600000| Untracked 
| 104|0x0000000716800000, 0x0000000716800000, 0x0000000716a00000|  0%| F|  |TAMS 0x0000000716800000| PB 0x0000000716800000| Untracked 
| 105|0x0000000716a00000, 0x0000000716a00000, 0x0000000716c00000|  0%| F|  |TAMS 0x0000000716a00000| PB 0x0000000716a00000| Untracked 
| 106|0x0000000716c00000, 0x0000000716c00000, 0x0000000716e00000|  0%| F|  |TAMS 0x0000000716c00000| PB 0x0000000716c00000| Untracked 
| 107|0x0000000716e00000, 0x0000000716e00000, 0x0000000717000000|  0%| F|  |TAMS 0x0000000716e00000| PB 0x0000000716e00000| Untracked 
| 108|0x0000000717000000, 0x0000000717200000, 0x0000000717200000|100%| S|CS|TAMS 0x0000000717000000| PB 0x0000000717000000| Complete 
| 109|0x0000000717200000, 0x0000000717400000, 0x0000000717400000|100%| S|CS|TAMS 0x0000000717200000| PB 0x0000000717200000| Complete 
| 110|0x0000000717400000, 0x0000000717600000, 0x0000000717600000|100%| S|CS|TAMS 0x0000000717400000| PB 0x0000000717400000| Complete 
| 111|0x0000000717600000, 0x0000000717800000, 0x0000000717800000|100%| S|CS|TAMS 0x0000000717600000| PB 0x0000000717600000| Complete 
| 112|0x0000000717800000, 0x0000000717a00000, 0x0000000717a00000|100%| S|CS|TAMS 0x0000000717800000| PB 0x0000000717800000| Complete 
| 113|0x0000000717a00000, 0x0000000717c00000, 0x0000000717c00000|100%| S|CS|TAMS 0x0000000717a00000| PB 0x0000000717a00000| Complete 
| 114|0x0000000717c00000, 0x0000000717c00000, 0x0000000717e00000|  0%| F|  |TAMS 0x0000000717c00000| PB 0x0000000717c00000| Untracked 
| 115|0x0000000717e00000, 0x0000000717e00000, 0x0000000718000000|  0%| F|  |TAMS 0x0000000717e00000| PB 0x0000000717e00000| Untracked 
| 116|0x0000000718000000, 0x0000000718000000, 0x0000000718200000|  0%| F|  |TAMS 0x0000000718000000| PB 0x0000000718000000| Untracked 
| 117|0x0000000718200000, 0x0000000718200000, 0x0000000718400000|  0%| F|  |TAMS 0x0000000718200000| PB 0x0000000718200000| Untracked 
| 118|0x0000000718400000, 0x0000000718400000, 0x0000000718600000|  0%| F|  |TAMS 0x0000000718400000| PB 0x0000000718400000| Untracked 
| 119|0x0000000718600000, 0x0000000718600000, 0x0000000718800000|  0%| F|  |TAMS 0x0000000718600000| PB 0x0000000718600000| Untracked 
| 120|0x0000000718800000, 0x0000000718800000, 0x0000000718a00000|  0%| F|  |TAMS 0x0000000718800000| PB 0x0000000718800000| Untracked 
| 121|0x0000000718a00000, 0x0000000718a00000, 0x0000000718c00000|  0%| F|  |TAMS 0x0000000718a00000| PB 0x0000000718a00000| Untracked 
| 122|0x0000000718c00000, 0x0000000718c00000, 0x0000000718e00000|  0%| F|  |TAMS 0x0000000718c00000| PB 0x0000000718c00000| Untracked 
| 123|0x0000000718e00000, 0x0000000718e00000, 0x0000000719000000|  0%| F|  |TAMS 0x0000000718e00000| PB 0x0000000718e00000| Untracked 
| 124|0x0000000719000000, 0x0000000719000000, 0x0000000719200000|  0%| F|  |TAMS 0x0000000719000000| PB 0x0000000719000000| Untracked 
| 125|0x0000000719200000, 0x0000000719200000, 0x0000000719400000|  0%| F|  |TAMS 0x0000000719200000| PB 0x0000000719200000| Untracked 
| 126|0x0000000719400000, 0x0000000719400000, 0x0000000719600000|  0%| F|  |TAMS 0x0000000719400000| PB 0x0000000719400000| Untracked 
| 127|0x0000000719600000, 0x0000000719600000, 0x0000000719800000|  0%| F|  |TAMS 0x0000000719600000| PB 0x0000000719600000| Untracked 
| 128|0x0000000719800000, 0x0000000719800000, 0x0000000719a00000|  0%| F|  |TAMS 0x0000000719800000| PB 0x0000000719800000| Untracked 
| 129|0x0000000719a00000, 0x0000000719a00000, 0x0000000719c00000|  0%| F|  |TAMS 0x0000000719a00000| PB 0x0000000719a00000| Untracked 
| 130|0x0000000719c00000, 0x0000000719c00000, 0x0000000719e00000|  0%| F|  |TAMS 0x0000000719c00000| PB 0x0000000719c00000| Untracked 
| 131|0x0000000719e00000, 0x0000000719e00000, 0x000000071a000000|  0%| F|  |TAMS 0x0000000719e00000| PB 0x0000000719e00000| Untracked 
| 132|0x000000071a000000, 0x000000071a000000, 0x000000071a200000|  0%| F|  |TAMS 0x000000071a000000| PB 0x000000071a000000| Untracked 
| 133|0x000000071a200000, 0x000000071a200000, 0x000000071a400000|  0%| F|  |TAMS 0x000000071a200000| PB 0x000000071a200000| Untracked 
| 134|0x000000071a400000, 0x000000071a400000, 0x000000071a600000|  0%| F|  |TAMS 0x000000071a400000| PB 0x000000071a400000| Untracked 
| 135|0x000000071a600000, 0x000000071a600000, 0x000000071a800000|  0%| F|  |TAMS 0x000000071a600000| PB 0x000000071a600000| Untracked 
| 136|0x000000071a800000, 0x000000071a800000, 0x000000071aa00000|  0%| F|  |TAMS 0x000000071a800000| PB 0x000000071a800000| Untracked 
| 137|0x000000071aa00000, 0x000000071aa00000, 0x000000071ac00000|  0%| F|  |TAMS 0x000000071aa00000| PB 0x000000071aa00000| Untracked 
| 138|0x000000071ac00000, 0x000000071ac00000, 0x000000071ae00000|  0%| F|  |TAMS 0x000000071ac00000| PB 0x000000071ac00000| Untracked 
| 139|0x000000071ae00000, 0x000000071ae00000, 0x000000071b000000|  0%| F|  |TAMS 0x000000071ae00000| PB 0x000000071ae00000| Untracked 
| 140|0x000000071b000000, 0x000000071b000000, 0x000000071b200000|  0%| F|  |TAMS 0x000000071b000000| PB 0x000000071b000000| Untracked 
| 141|0x000000071b200000, 0x000000071b200000, 0x000000071b400000|  0%| F|  |TAMS 0x000000071b200000| PB 0x000000071b200000| Untracked 
| 142|0x000000071b400000, 0x000000071b400000, 0x000000071b600000|  0%| F|  |TAMS 0x000000071b400000| PB 0x000000071b400000| Untracked 
| 143|0x000000071b600000, 0x000000071b600000, 0x000000071b800000|  0%| F|  |TAMS 0x000000071b600000| PB 0x000000071b600000| Untracked 
| 144|0x000000071b800000, 0x000000071b800000, 0x000000071ba00000|  0%| F|  |TAMS 0x000000071b800000| PB 0x000000071b800000| Untracked 
| 145|0x000000071ba00000, 0x000000071ba00000, 0x000000071bc00000|  0%| F|  |TAMS 0x000000071ba00000| PB 0x000000071ba00000| Untracked 
| 146|0x000000071bc00000, 0x000000071bc00000, 0x000000071be00000|  0%| F|  |TAMS 0x000000071bc00000| PB 0x000000071bc00000| Untracked 
| 147|0x000000071be00000, 0x000000071be00000, 0x000000071c000000|  0%| F|  |TAMS 0x000000071be00000| PB 0x000000071be00000| Untracked 
| 148|0x000000071c000000, 0x000000071c000000, 0x000000071c200000|  0%| F|  |TAMS 0x000000071c000000| PB 0x000000071c000000| Untracked 
| 149|0x000000071c200000, 0x000000071c200000, 0x000000071c400000|  0%| F|  |TAMS 0x000000071c200000| PB 0x000000071c200000| Untracked 
| 150|0x000000071c400000, 0x000000071c400000, 0x000000071c600000|  0%| F|  |TAMS 0x000000071c400000| PB 0x000000071c400000| Untracked 
| 151|0x000000071c600000, 0x000000071c600000, 0x000000071c800000|  0%| F|  |TAMS 0x000000071c600000| PB 0x000000071c600000| Untracked 
|1967|0x00000007ff600000, 0x00000007ff800000, 0x00000007ff800000|100%| O|  |TAMS 0x00000007ff800000| PB 0x00000007ff600000| Untracked 
|1968|0x00000007ff800000, 0x00000007ffa00000, 0x00000007ffa00000|100%| O|  |TAMS 0x00000007ffa00000| PB 0x00000007ff800000| Untracked 
|1969|0x00000007ffa00000, 0x00000007ffc00000, 0x00000007ffc00000|100%| O|  |TAMS 0x00000007ffc00000| PB 0x00000007ffa00000| Untracked 
|1970|0x00000007ffc00000, 0x00000007ffe00000, 0x00000007ffe00000|100%| O|  |TAMS 0x00000007ffe00000| PB 0x00000007ffc00000| Untracked 
|1971|0x00000007ffe00000, 0x0000000800000000, 0x0000000800000000|100%| O|  |TAMS 0x0000000800000000| PB 0x00000007ffe00000| Untracked 

Card table byte_map: [0x00000220482a0000,0x0000022048a60000] _byte_map_base: 0x0000022044a54000

Marking Bits: (CMBitMap*) 0x00000220342660b0
 Bits: [0x0000022048a60000, 0x000002204c800000)

Polling page: 0x00000220320d0000

Metaspace:

Usage:
  Non-class:     88.14 MB used.
      Class:     13.66 MB used.
       Both:    101.79 MB used.

Virtual space:
  Non-class space:      128.00 MB reserved,      88.81 MB ( 69%) committed,  2 nodes.
      Class space:        1.00 GB reserved,      14.19 MB (  1%) committed,  1 nodes.
             Both:        1.12 GB reserved,     103.00 MB (  9%) committed. 

Chunk freelists:
   Non-Class:  7.23 MB
       Class:  1.84 MB
        Both:  9.07 MB

MaxMetaspaceSize: unlimited
CompressedClassSpaceSize: 1.00 GB
Initial GC threshold: 21.00 MB
Current GC threshold: 171.69 MB
CDS: off
 - commit_granule_bytes: 65536.
 - commit_granule_words: 8192.
 - virtual_space_node_default_size: 8388608.
 - enlarge_chunks_in_place: 1.
 - use_allocation_guard: 0.


Internal statistics:

num_allocs_failed_limit: 9.
num_arena_births: 1946.
num_arena_deaths: 138.
num_vsnodes_births: 3.
num_vsnodes_deaths: 0.
num_space_committed: 1647.
num_space_uncommitted: 0.
num_chunks_returned_to_freelist: 198.
num_chunks_taken_from_freelist: 5627.
num_chunk_merges: 55.
num_chunk_splits: 3806.
num_chunks_enlarged: 2754.
num_inconsistent_stats: 0.

CodeHeap 'non-profiled nmethods': size=119168Kb used=7531Kb max_used=8614Kb free=111636Kb
 bounds [0x000002203fdf0000, 0x0000022040660000, 0x0000022047250000]
CodeHeap 'profiled nmethods': size=119104Kb used=19054Kb max_used=20906Kb free=100049Kb
 bounds [0x0000022038250000, 0x00000220396c0000, 0x000002203f6a0000]
CodeHeap 'non-nmethods': size=7488Kb used=3549Kb max_used=3611Kb free=3938Kb
 bounds [0x000002203f6a0000, 0x000002203fa30000, 0x000002203fdf0000]
CodeCache: size=245760Kb, used=30134Kb, max_used=33131Kb, free=215623Kb
 total_blobs=11592, nmethods=10731, adapters=761, full_count=0
Compilation: enabled, stopped_count=0, restarted_count=0

Compilation events (20 events):
Event: 42.813 Thread 0x00000220575e51e0 13560       4       java.util.List::spliterator (23 bytes)
Event: 42.813 Thread 0x000002204f8ac750 13561       4       java.util.AbstractList$RandomAccessSpliterator::<init> (82 bytes)
Event: 42.816 Thread 0x00000220575e2900 nmethod 13559 0x000002203ff24790 code [0x000002203ff24940, 0x000002203ff24cb8]
Event: 42.817 Thread 0x000002204f8ac750 nmethod 13561 0x000002204063c410 code [0x000002204063c5a0, 0x000002204063c7e0]
Event: 42.818 Thread 0x00000220575e51e0 nmethod 13560 0x00000220404c6e10 code [0x00000220404c6fa0, 0x00000220404c7258]
Event: 42.860 Thread 0x00000220575e1490 13562       3       io.micrometer.core.instrument.Tags::iterator (10 bytes)
Event: 42.860 Thread 0x000002204f8b26f0 13563       3       io.micrometer.core.instrument.Tags$ArrayIterator::<init> (6 bytes)
Event: 42.860 Thread 0x00000220575e36a0 13564       3       io.micrometer.core.instrument.Tags$ArrayIterator::<init> (15 bytes)
Event: 42.860 Thread 0x000002204f8b26f0 nmethod 13563 0x000002203838a010 code [0x000002203838a1c0, 0x000002203838a3f0]
Event: 42.860 Thread 0x00000220575e1490 nmethod 13562 0x00000220385a7e10 code [0x00000220385a7fc0, 0x00000220385a82a8]
Event: 42.860 Thread 0x00000220575e36a0 nmethod 13564 0x0000022038a00390 code [0x0000022038a00540, 0x0000022038a00718]
Event: 42.887 Thread 0x00000220575e36a0 13565       3       java.time.LocalTime::toString (217 bytes)
Event: 42.888 Thread 0x00000220575e36a0 nmethod 13565 0x00000220394a0490 code [0x00000220394a0840, 0x00000220394a1a98]
Event: 42.896 Thread 0x00000220575e51e0 13566       4       java.time.LocalTime::toString (217 bytes)
Event: 42.928 Thread 0x00000220575e1490 13567       1       com.activeviam.activepivot.core.impl.internal.cube.provider.impl.HierarchicalMapping::getFactSelectionFields (5 bytes)
Event: 42.928 Thread 0x00000220575e1490 nmethod 13567 0x000002203ff24390 code [0x000002203ff24520, 0x000002203ff245f0]
Event: 42.934 Thread 0x00000220575e36a0 13568       1       com.activeviam.activepivot.core.impl.internal.cube.provider.impl.HierarchicalMapping::getStandardCoordinateCount (5 bytes)
Event: 42.935 Thread 0x00000220575e36a0 nmethod 13568 0x00000220403ff790 code [0x00000220403ff920, 0x00000220403ff9e8]
Event: 42.973 Thread 0x000002204f8b26f0 13569       3       com.activeviam.database.datastore.private_.record.flatten.impl.RecordFlattener::flatten (447 bytes)
Event: 42.976 Thread 0x000002204f8b26f0 nmethod 13569 0x000002203909a410 code [0x000002203909a760, 0x000002203909bfe0]

GC Heap History (20 events):
Event: 37.578 GC heap after
{Heap after GC invocations=59 (full 0):
 garbage-first heap   total 258048K, used 119150K [0x0000000709800000, 0x0000000800000000)
  region size 2048K, 6 young (12288K), 6 survivors (12288K)
 Metaspace       used 95906K, committed 96832K, reserved 1179648K
  class space    used 12646K, committed 13056K, reserved 1048576K
}
Event: 38.046 GC heap before
{Heap before GC invocations=59 (full 0):
 garbage-first heap   total 258048K, used 227694K [0x0000000709800000, 0x0000000800000000)
  region size 2048K, 60 young (122880K), 6 survivors (12288K)
 Metaspace       used 96217K, committed 97152K, reserved 1179648K
  class space    used 12703K, committed 13120K, reserved 1048576K
}
Event: 38.055 GC heap after
{Heap after GC invocations=60 (full 0):
 garbage-first heap   total 311296K, used 121930K [0x0000000709800000, 0x0000000800000000)
  region size 2048K, 5 young (10240K), 5 survivors (10240K)
 Metaspace       used 96217K, committed 97152K, reserved 1179648K
  class space    used 12703K, committed 13120K, reserved 1048576K
}
Event: 38.322 GC heap before
{Heap before GC invocations=61 (full 0):
 garbage-first heap   total 311296K, used 269386K [0x0000000709800000, 0x0000000800000000)
  region size 2048K, 83 young (169984K), 5 survivors (10240K)
 Metaspace       used 96359K, committed 97280K, reserved 1179648K
  class space    used 12721K, committed 13120K, reserved 1048576K
}
Event: 38.326 GC heap after
{Heap after GC invocations=62 (full 0):
 garbage-first heap   total 311296K, used 111234K [0x0000000709800000, 0x0000000800000000)
  region size 2048K, 5 young (10240K), 5 survivors (10240K)
 Metaspace       used 96359K, committed 97280K, reserved 1179648K
  class space    used 12721K, committed 13120K, reserved 1048576K
}
Event: 39.687 GC heap before
{Heap before GC invocations=62 (full 0):
 garbage-first heap   total 311296K, used 279170K [0x0000000709800000, 0x0000000800000000)
  region size 2048K, 88 young (180224K), 5 survivors (10240K)
 Metaspace       used 99734K, committed 100800K, reserved 1179648K
  class space    used 13241K, committed 13760K, reserved 1048576K
}
Event: 39.696 GC heap after
{Heap after GC invocations=63 (full 0):
 garbage-first heap   total 311296K, used 111211K [0x0000000709800000, 0x0000000800000000)
  region size 2048K, 5 young (10240K), 5 survivors (10240K)
 Metaspace       used 99734K, committed 100800K, reserved 1179648K
  class space    used 13241K, committed 13760K, reserved 1048576K
}
Event: 40.422 GC heap before
{Heap before GC invocations=63 (full 0):
 garbage-first heap   total 311296K, used 279147K [0x0000000709800000, 0x0000000800000000)
  region size 2048K, 88 young (180224K), 5 survivors (10240K)
 Metaspace       used 100146K, committed 101312K, reserved 1179648K
  class space    used 13342K, committed 13888K, reserved 1048576K
}
Event: 40.429 GC heap after
{Heap after GC invocations=64 (full 0):
 garbage-first heap   total 311296K, used 113338K [0x0000000709800000, 0x0000000800000000)
  region size 2048K, 6 young (12288K), 6 survivors (12288K)
 Metaspace       used 100146K, committed 101312K, reserved 1179648K
  class space    used 13342K, committed 13888K, reserved 1048576K
}
Event: 40.591 GC heap before
{Heap before GC invocations=65 (full 0):
 garbage-first heap   total 311296K, used 277178K [0x0000000709800000, 0x0000000800000000)
  region size 2048K, 87 young (178176K), 6 survivors (12288K)
 Metaspace       used 100159K, committed 101312K, reserved 1179648K
  class space    used 13342K, committed 13888K, reserved 1048576K
}
Event: 40.596 GC heap after
{Heap after GC invocations=66 (full 0):
 garbage-first heap   total 311296K, used 111553K [0x0000000709800000, 0x0000000800000000)
  region size 2048K, 5 young (10240K), 5 survivors (10240K)
 Metaspace       used 100159K, committed 101312K, reserved 1179648K
  class space    used 13342K, committed 13888K, reserved 1048576K
}
Event: 41.645 GC heap before
{Heap before GC invocations=66 (full 0):
 garbage-first heap   total 311296K, used 279489K [0x0000000709800000, 0x0000000800000000)
  region size 2048K, 88 young (180224K), 5 survivors (10240K)
 Metaspace       used 103721K, committed 104960K, reserved 1179648K
  class space    used 13894K, committed 14464K, reserved 1048576K
}
Event: 41.657 GC heap after
{Heap after GC invocations=67 (full 0):
 garbage-first heap   total 311296K, used 121604K [0x0000000709800000, 0x0000000800000000)
  region size 2048K, 11 young (22528K), 11 survivors (22528K)
 Metaspace       used 103721K, committed 104960K, reserved 1179648K
  class space    used 13894K, committed 14464K, reserved 1048576K
}
Event: 42.389 GC heap before
{Heap before GC invocations=67 (full 0):
 garbage-first heap   total 311296K, used 258820K [0x0000000709800000, 0x0000000800000000)
  region size 2048K, 80 young (163840K), 11 survivors (22528K)
 Metaspace       used 104211K, committed 105408K, reserved 1179648K
  class space    used 13985K, committed 14528K, reserved 1048576K
}
Event: 42.406 GC heap after
{Heap after GC invocations=68 (full 0):
 garbage-first heap   total 313344K, used 148766K [0x0000000709800000, 0x0000000800000000)
  region size 2048K, 11 young (22528K), 11 survivors (22528K)
 Metaspace       used 104211K, committed 105408K, reserved 1179648K
  class space    used 13985K, committed 14528K, reserved 1048576K
}
Event: 42.675 GC heap before
{Heap before GC invocations=69 (full 0):
 garbage-first heap   total 313344K, used 273694K [0x0000000709800000, 0x0000000800000000)
  region size 2048K, 70 young (143360K), 11 survivors (22528K)
 Metaspace       used 104235K, committed 105472K, reserved 1179648K
  class space    used 13986K, committed 14528K, reserved 1048576K
}
Event: 42.693 GC heap after
{Heap after GC invocations=70 (full 0):
 garbage-first heap   total 321536K, used 176995K [0x0000000709800000, 0x0000000800000000)
  region size 2048K, 9 young (18432K), 9 survivors (18432K)
 Metaspace       used 104235K, committed 105472K, reserved 1179648K
  class space    used 13986K, committed 14528K, reserved 1048576K
}
Event: 42.841 GC heap before
{Heap before GC invocations=70 (full 0):
 garbage-first heap   total 321536K, used 271203K [0x0000000709800000, 0x0000000800000000)
  region size 2048K, 56 young (114688K), 9 survivors (18432K)
 Metaspace       used 104237K, committed 105472K, reserved 1179648K
  class space    used 13986K, committed 14528K, reserved 1048576K
}
Event: 42.859 GC heap after
{Heap after GC invocations=71 (full 0):
 garbage-first heap   total 321536K, used 198591K [0x0000000709800000, 0x0000000800000000)
  region size 2048K, 7 young (14336K), 7 survivors (14336K)
 Metaspace       used 104237K, committed 105472K, reserved 1179648K
  class space    used 13986K, committed 14528K, reserved 1048576K
}
Event: 42.981 GC heap before
{Heap before GC invocations=71 (full 0):
 garbage-first heap   total 321536K, used 274367K [0x0000000709800000, 0x0000000800000000)
  region size 2048K, 45 young (92160K), 7 survivors (14336K)
 Metaspace       used 104237K, committed 105472K, reserved 1179648K
  class space    used 13986K, committed 14528K, reserved 1048576K
}

Dll operation events (10 events):
Event: 0.017 Loaded shared library c:\Users\Asus\fix_env\lib\site-packages\jdk4py\java-runtime\bin\java.dll
Event: 0.202 Loaded shared library C:\Users\Asus\fix_env\Lib\site-packages\jdk4py\java-runtime\bin\net.dll
Event: 0.206 Loaded shared library C:\Users\Asus\fix_env\Lib\site-packages\jdk4py\java-runtime\bin\nio.dll
Event: 0.223 Loaded shared library C:\Users\Asus\fix_env\Lib\site-packages\jdk4py\java-runtime\bin\zip.dll
Event: 0.332 Loaded shared library C:\Users\Asus\fix_env\Lib\site-packages\jdk4py\java-runtime\bin\jimage.dll
Event: 2.131 Loaded shared library C:\Users\Asus\AppData\Local\Temp\jna-2050672\jna6271247160735723740.dll
Event: 3.814 Loaded shared library C:\Users\Asus\fix_env\Lib\site-packages\jdk4py\java-runtime\bin\extnet.dll
Event: 3.953 Loaded shared library C:\Users\Asus\fix_env\Lib\site-packages\jdk4py\java-runtime\bin\management.dll
Event: 3.960 Loaded shared library C:\Users\Asus\fix_env\Lib\site-packages\jdk4py\java-runtime\bin\management_ext.dll
Event: 15.906 Loaded shared library c:\Users\Asus\fix_env\lib\site-packages\jdk4py\java-runtime\bin\verify.dll

Deoptimization events (20 events):
Event: 42.730 Thread 0x000002205be7dca0 DEOPT PACKING pc=0x0000022039612843 sp=0x000000d66defeff0
Event: 42.730 Thread 0x000002205be7dca0 DEOPT UNPACKING pc=0x000002203f6f4e42 sp=0x000000d66defe4d8 mode 0
Event: 42.733 Thread 0x000002205be7e9c0 DEOPT PACKING pc=0x0000022039612843 sp=0x000000d66e1ff290
Event: 42.733 Thread 0x000002205be7e9c0 DEOPT UNPACKING pc=0x000002203f6f4e42 sp=0x000000d66e1fe778 mode 0
Event: 42.736 Thread 0x0000022058f121a0 DEOPT PACKING pc=0x0000022039612843 sp=0x000000d66ebfebc0
Event: 42.736 Thread 0x0000022058f121a0 DEOPT UNPACKING pc=0x000002203f6f4e42 sp=0x000000d66ebfe0a8 mode 0
Event: 42.742 Thread 0x000002205be7e9c0 DEOPT PACKING pc=0x0000022039612843 sp=0x000000d66e1ff290
Event: 42.742 Thread 0x000002205be7e9c0 DEOPT UNPACKING pc=0x000002203f6f4e42 sp=0x000000d66e1fe778 mode 0
Event: 42.745 Thread 0x000002205be7e9c0 DEOPT PACKING pc=0x0000022039612843 sp=0x000000d66e1ff290
Event: 42.745 Thread 0x000002205be7e9c0 DEOPT UNPACKING pc=0x000002203f6f4e42 sp=0x000000d66e1fe778 mode 0
Event: 42.747 Thread 0x0000022058f169d0 DEOPT PACKING pc=0x0000022039612843 sp=0x000000d66eeff2b0
Event: 42.747 Thread 0x0000022058f169d0 DEOPT UNPACKING pc=0x000002203f6f4e42 sp=0x000000d66eefe798 mode 0
Event: 42.751 Thread 0x0000022058f169d0 DEOPT PACKING pc=0x0000022039612843 sp=0x000000d66eeff2b0
Event: 42.751 Thread 0x0000022058f169d0 DEOPT UNPACKING pc=0x000002203f6f4e42 sp=0x000000d66eefe798 mode 0
Event: 42.754 Thread 0x0000022058f15cb0 DEOPT PACKING pc=0x0000022039612843 sp=0x000000d66efff1a0
Event: 42.754 Thread 0x0000022058f15cb0 DEOPT UNPACKING pc=0x000002203f6f4e42 sp=0x000000d66effe688 mode 0
Event: 42.886 Thread 0x0000022058f12830 Uncommon trap: trap_request=0xffffff45 fr.pc=0x0000022040402f84 relative=0x0000000000002f24
Event: 42.886 Thread 0x0000022058f12830 Uncommon trap: reason=unstable_if action=reinterpret pc=0x0000022040402f84 method=java.time.LocalTime.toString()Ljava/lang/String; @ 132 c2
Event: 42.886 Thread 0x0000022058f12830 DEOPT PACKING pc=0x0000022040402f84 sp=0x000000d66ecff0d0
Event: 42.886 Thread 0x0000022058f12830 DEOPT UNPACKING pc=0x000002203f6f46a2 sp=0x000000d66ecff0a0 mode 2

Classes loaded (20 events):
Event: 39.882 Loading class java/util/IdentityHashMap$ValueSpliterator
Event: 39.883 Loading class java/util/IdentityHashMap$ValueSpliterator done
Event: 39.885 Loading class java/lang/invoke/VarHandleInts$Array
Event: 39.887 Loading class java/lang/invoke/VarHandleInts$Array done
Event: 39.892 Loading class java/util/IdentityHashMap$EntrySpliterator
Event: 39.893 Loading class java/util/IdentityHashMap$EntrySpliterator done
Event: 41.043 Loading class java/util/concurrent/locks/StampedLock$WriteLockView
Event: 41.043 Loading class java/util/concurrent/locks/StampedLock$WriteLockView done
Event: 41.173 Loading class java/util/stream/SliceOps
Event: 41.174 Loading class java/util/stream/SliceOps done
Event: 41.174 Loading class java/util/stream/SliceOps$1
Event: 41.174 Loading class java/util/stream/SliceOps$1 done
Event: 41.175 Loading class java/util/stream/SliceOps$1$1
Event: 41.175 Loading class java/util/stream/SliceOps$1$1 done
Event: 41.818 Loading class java/util/concurrent/locks/ReentrantReadWriteLock$Sync$HoldCounter
Event: 41.819 Loading class java/util/concurrent/locks/ReentrantReadWriteLock$Sync$HoldCounter done
Event: 42.101 Loading class java/util/concurrent/locks/StampedLock$WriterNode
Event: 42.101 Loading class java/util/concurrent/locks/StampedLock$Node
Event: 42.101 Loading class java/util/concurrent/locks/StampedLock$Node done
Event: 42.102 Loading class java/util/concurrent/locks/StampedLock$WriterNode done

Classes unloaded (20 events):
Event: 8.264 Thread 0x000002204f8209b0 Unloading class 0x0000000800194400 'java/lang/invoke/LambdaForm$MH+0x0000000800194400'
Event: 8.264 Thread 0x000002204f8209b0 Unloading class 0x0000000800189c00 'java/lang/invoke/LambdaForm$DMH+0x0000000800189c00'
Event: 8.264 Thread 0x000002204f8209b0 Unloading class 0x0000000800189400 'java/lang/invoke/LambdaForm$DMH+0x0000000800189400'
Event: 8.264 Thread 0x000002204f8209b0 Unloading class 0x0000000800189000 'java/lang/invoke/LambdaForm$DMH+0x0000000800189000'
Event: 8.264 Thread 0x000002204f8209b0 Unloading class 0x0000000800188c00 'java/lang/invoke/LambdaForm$DMH+0x0000000800188c00'
Event: 34.472 Thread 0x000002204f8209b0 Unloading class 0x0000000800cc2800 'java/lang/invoke/LambdaForm$DMH+0x0000000800cc2800'
Event: 34.472 Thread 0x000002204f8209b0 Unloading class 0x0000000800cc2400 'java/lang/invoke/LambdaForm$DMH+0x0000000800cc2400'
Event: 34.472 Thread 0x000002204f8209b0 Unloading class 0x0000000800cc2000 'java/lang/invoke/LambdaForm$DMH+0x0000000800cc2000'
Event: 34.472 Thread 0x000002204f8209b0 Unloading class 0x0000000800cc1c00 'java/lang/invoke/LambdaForm$DMH+0x0000000800cc1c00'
Event: 34.472 Thread 0x000002204f8209b0 Unloading class 0x0000000800cc1800 'java/lang/invoke/LambdaForm$DMH+0x0000000800cc1800'
Event: 34.472 Thread 0x000002204f8209b0 Unloading class 0x0000000800cc1400 'java/lang/invoke/LambdaForm$DMH+0x0000000800cc1400'
Event: 34.472 Thread 0x000002204f8209b0 Unloading class 0x0000000800cc1000 'java/lang/invoke/LambdaForm$DMH+0x0000000800cc1000'
Event: 34.472 Thread 0x000002204f8209b0 Unloading class 0x0000000800cc0c00 'java/lang/invoke/LambdaForm$DMH+0x0000000800cc0c00'
Event: 34.472 Thread 0x000002204f8209b0 Unloading class 0x0000000800cc0400 'java/lang/invoke/LambdaForm$DMH+0x0000000800cc0400'
Event: 34.472 Thread 0x000002204f8209b0 Unloading class 0x0000000800cc0800 'java/lang/invoke/LambdaForm$DMH+0x0000000800cc0800'
Event: 34.472 Thread 0x000002204f8209b0 Unloading class 0x0000000800cc0000 'java/lang/invoke/LambdaForm$DMH+0x0000000800cc0000'
Event: 34.472 Thread 0x000002204f8209b0 Unloading class 0x0000000800cb9800 'java/lang/invoke/LambdaForm$DMH+0x0000000800cb9800'
Event: 34.472 Thread 0x000002204f8209b0 Unloading class 0x0000000800cb9400 'java/lang/invoke/LambdaForm$DMH+0x0000000800cb9400'
Event: 34.472 Thread 0x000002204f8209b0 Unloading class 0x0000000800cb9c00 'java/lang/invoke/LambdaForm$DMH+0x0000000800cb9c00'
Event: 34.473 Thread 0x000002204f8209b0 Unloading class 0x0000000800cb9000 'java/lang/invoke/LambdaForm$DMH+0x0000000800cb9000'

Classes redefined (0 events):
No events

Internal exceptions (20 events):
Event: 41.190 Thread 0x000002205be780c0 Exception <a 'java/lang/NoSuchMethodError'{0x0000000714a010d8}: 'int java.lang.invoke.DirectMethodHandle$Holder.invokeStatic(java.lang.Object, java.lang.Object, int, java.lang.Object)'> (0x0000000714a010d8) 
thrown [s\src\hotspot\share\interpreter\linkResolver.cpp, line 773]
Event: 41.453 Thread 0x000002205be780c0 Exception <a 'java/lang/IncompatibleClassChangeError'{0x0000000713494948}: Found class java.lang.Object, but interface was expected> (0x0000000713494948) 
thrown [s\src\hotspot\share\interpreter\linkResolver.cpp, line 840]
Event: 41.562 Thread 0x000002205be780c0 Exception <a 'java/lang/IncompatibleClassChangeError'{0x0000000712f7e338}: Found class java.lang.Object, but interface was expected> (0x0000000712f7e338) 
thrown [s\src\hotspot\share\interpreter\linkResolver.cpp, line 840]
Event: 41.594 Thread 0x000002205be7dca0 Exception <a 'java/lang/NoSuchMethodError'{0x00000007180551f0}: 'java.lang.Object java.lang.invoke.DirectMethodHandle$Holder.invokeStatic(java.lang.Object, int, java.lang.Object, java.lang.Object, int)'> (0x00000007180551f0) 
thrown [s\src\hotspot\share\interpreter\linkResolver.cpp, line 773]
Event: 41.594 Thread 0x0000022058f14270 Exception <a 'java/lang/NoSuchMethodError'{0x0000000712d8e070}: 'java.lang.Object java.lang.invoke.DirectMethodHandle$Holder.invokeStatic(java.lang.Object, int, java.lang.Object, java.lang.Object, int)'> (0x0000000712d8e070) 
thrown [s\src\hotspot\share\interpreter\linkResolver.cpp, line 773]
Event: 41.594 Thread 0x000002205be7f6e0 Exception <a 'java/lang/NoSuchMethodError'{0x0000000712a11808}: 'java.lang.Object java.lang.invoke.DirectMethodHandle$Holder.invokeStatic(java.lang.Object, int, java.lang.Object, java.lang.Object, int)'> (0x0000000712a11808) 
thrown [s\src\hotspot\share\interpreter\linkResolver.cpp, line 773]
Event: 41.594 Thread 0x0000022058f11b10 Exception <a 'java/lang/NoSuchMethodError'{0x0000000712d9fee8}: 'java.lang.Object java.lang.invoke.DirectMethodHandle$Holder.invokeStatic(java.lang.Object, int, java.lang.Object, java.lang.Object, int)'> (0x0000000712d9fee8) 
thrown [s\src\hotspot\share\interpreter\linkResolver.cpp, line 773]
Event: 41.594 Thread 0x0000022058f15cb0 Exception <a 'java/lang/NoSuchMethodError'{0x0000000712d42f08}: 'java.lang.Object java.lang.invoke.DirectMethodHandle$Holder.invokeStatic(java.lang.Object, int, java.lang.Object, java.lang.Object, int)'> (0x0000000712d42f08) 
thrown [s\src\hotspot\share\interpreter\linkResolver.cpp, line 773]
Event: 41.594 Thread 0x0000022058f169d0 Exception <a 'java/lang/NoSuchMethodError'{0x00000007183ae1f0}: 'java.lang.Object java.lang.invoke.DirectMethodHandle$Holder.invokeStatic(java.lang.Object, int, java.lang.Object, java.lang.Object, int)'> (0x00000007183ae1f0) 
thrown [s\src\hotspot\share\interpreter\linkResolver.cpp, line 773]
Event: 41.594 Thread 0x0000022058f10df0 Exception <a 'java/lang/NoSuchMethodError'{0x0000000712b0d6a0}: 'java.lang.Object java.lang.invoke.DirectMethodHandle$Holder.invokeStatic(java.lang.Object, int, java.lang.Object, java.lang.Object, int)'> (0x0000000712b0d6a0) 
thrown [s\src\hotspot\share\interpreter\linkResolver.cpp, line 773]
Event: 41.594 Thread 0x0000022058f13be0 Exception <a 'java/lang/NoSuchMethodError'{0x000000071818e4f8}: 'java.lang.Object java.lang.invoke.DirectMethodHandle$Holder.invokeStatic(java.lang.Object, int, java.lang.Object, java.lang.Object, int)'> (0x000000071818e4f8) 
thrown [s\src\hotspot\share\interpreter\linkResolver.cpp, line 773]
Event: 41.594 Thread 0x0000022058f14f90 Exception <a 'java/lang/NoSuchMethodError'{0x0000000712dd6878}: 'java.lang.Object java.lang.invoke.DirectMethodHandle$Holder.invokeStatic(java.lang.Object, int, java.lang.Object, java.lang.Object, int)'> (0x0000000712dd6878) 
thrown [s\src\hotspot\share\interpreter\linkResolver.cpp, line 773]
Event: 41.594 Thread 0x0000022058f13550 Exception <a 'java/lang/NoSuchMethodError'{0x0000000718159b38}: 'java.lang.Object java.lang.invoke.DirectMethodHandle$Holder.invokeStatic(java.lang.Object, int, java.lang.Object, java.lang.Object, int)'> (0x0000000718159b38) 
thrown [s\src\hotspot\share\interpreter\linkResolver.cpp, line 773]
Event: 41.594 Thread 0x0000022058f12ec0 Exception <a 'java/lang/NoSuchMethodError'{0x0000000712dad970}: 'java.lang.Object java.lang.invoke.DirectMethodHandle$Holder.invokeStatic(java.lang.Object, int, java.lang.Object, java.lang.Object, int)'> (0x0000000712dad970) 
thrown [s\src\hotspot\share\interpreter\linkResolver.cpp, line 773]
Event: 41.594 Thread 0x0000022058f11480 Exception <a 'java/lang/NoSuchMethodError'{0x0000000712cecd88}: 'java.lang.Object java.lang.invoke.DirectMethodHandle$Holder.invokeStatic(java.lang.Object, int, java.lang.Object, java.lang.Object, int)'> (0x0000000712cecd88) 
thrown [s\src\hotspot\share\interpreter\linkResolver.cpp, line 773]
Event: 41.793 Thread 0x0000022058f14900 Exception <a 'java/lang/NoSuchMethodError'{0x000000071c708010}: 'void java.lang.invoke.DirectMethodHandle$Holder.invokeStatic(java.lang.Object, int, java.lang.Object, java.lang.Object, java.lang.Object, java.lang.Object)'> (0x000000071c708010) 
thrown [s\src\hotspot\share\interpreter\linkResolver.cpp, line 773]
Event: 41.800 Thread 0x0000022058f10df0 Exception <a 'java/lang/NoSuchMethodError'{0x000000071c372648}: 'java.lang.Object java.lang.invoke.DirectMethodHandle$Holder.newInvokeSpecial(java.lang.Object, int, java.lang.Object, java.lang.Object)'> (0x000000071c372648) 
thrown [s\src\hotspot\share\interpreter\linkResolver.cpp, line 773]
Event: 41.800 Thread 0x0000022058f11b10 Exception <a 'java/lang/NoSuchMethodError'{0x000000071c37e0f8}: 'java.lang.Object java.lang.invoke.DirectMethodHandle$Holder.newInvokeSpecial(java.lang.Object, int, java.lang.Object, java.lang.Object)'> (0x000000071c37e0f8) 
thrown [s\src\hotspot\share\interpreter\linkResolver.cpp, line 773]
Event: 41.800 Thread 0x0000022058f12830 Exception <a 'java/lang/NoSuchMethodError'{0x000000071c389778}: 'java.lang.Object java.lang.invoke.DirectMethodHandle$Holder.newInvokeSpecial(java.lang.Object, int, java.lang.Object, java.lang.Object)'> (0x000000071c389778) 
thrown [s\src\hotspot\share\interpreter\linkResolver.cpp, line 773]
Event: 41.802 Thread 0x0000022058f14900 Exception <a 'java/lang/NoSuchMethodError'{0x000000071c36a3e0}: 'java.lang.Object java.lang.invoke.DirectMethodHandle$Holder.newInvokeSpecial(java.lang.Object, int, java.lang.Object, java.lang.Object)'> (0x000000071c36a3e0) 
thrown [s\src\hotspot\share\interpreter\linkResolver.cpp, line 773]

ZGC Phase Switch (0 events):
No events

VM Operations (20 events):
Event: 41.341 Executing VM operation: HandshakeAllThreads (Deoptimize) done
Event: 41.606 Executing VM operation: HandshakeAllThreads (Deoptimize)
Event: 41.606 Executing VM operation: HandshakeAllThreads (Deoptimize) done
Event: 41.606 Executing VM operation: Cleanup
Event: 41.606 Executing VM operation: Cleanup done
Event: 41.645 Executing VM operation: G1CollectForAllocation (G1 Evacuation Pause)
Event: 41.657 Executing VM operation: G1CollectForAllocation (G1 Evacuation Pause) done
Event: 42.165 Executing VM operation: HandshakeAllThreads (Deoptimize)
Event: 42.165 Executing VM operation: HandshakeAllThreads (Deoptimize) done
Event: 42.389 Executing VM operation: G1TryInitiateConcMark (G1 Humongous Allocation)
Event: 42.406 Executing VM operation: G1TryInitiateConcMark (G1 Humongous Allocation) done
Event: 42.537 Executing VM operation: G1PauseRemark
Event: 42.545 Executing VM operation: G1PauseRemark done
Event: 42.606 Executing VM operation: G1PauseCleanup
Event: 42.606 Executing VM operation: G1PauseCleanup done
Event: 42.675 Executing VM operation: G1CollectForAllocation (G1 Evacuation Pause)
Event: 42.693 Executing VM operation: G1CollectForAllocation (G1 Evacuation Pause) done
Event: 42.841 Executing VM operation: G1CollectForAllocation (G1 Evacuation Pause)
Event: 42.859 Executing VM operation: G1CollectForAllocation (G1 Evacuation Pause) done
Event: 42.981 Executing VM operation: G1CollectForAllocation (G1 Evacuation Pause)

Memory protections (0 events):
No events

Nmethod flushes (20 events):
Event: 42.544 Thread 0x000002204f8209b0 flushing  nmethod 0x000002203962a190
Event: 42.544 Thread 0x000002204f8209b0 flushing  nmethod 0x000002203965e210
Event: 42.544 Thread 0x000002204f8209b0 flushing  nmethod 0x00000220396a1a10
Event: 42.544 Thread 0x000002204f8209b0 flushing  nmethod 0x00000220396a3010
Event: 42.544 Thread 0x000002204f8209b0 flushing  nmethod 0x0000022040172310
Event: 42.544 Thread 0x000002204f8209b0 flushing  nmethod 0x0000022040173010
Event: 42.544 Thread 0x000002204f8209b0 flushing  nmethod 0x00000220405d9b90
Event: 42.544 Thread 0x000002204f8209b0 flushing  nmethod 0x000002204061d790
Event: 42.544 Thread 0x000002204f8209b0 flushing  nmethod 0x000002204063c410
Event: 42.544 Thread 0x000002204f8209b0 flushing  nmethod 0x000002204063e210
Event: 42.544 Thread 0x000002204f8209b0 flushing  nmethod 0x00000220382d1110
Event: 42.544 Thread 0x000002204f8209b0 flushing  nmethod 0x0000022038483510
Event: 42.544 Thread 0x000002204f8209b0 flushing  nmethod 0x00000220385fb390
Event: 42.544 Thread 0x000002204f8209b0 flushing  nmethod 0x0000022038858310
Event: 42.544 Thread 0x000002204f8209b0 flushing  nmethod 0x0000022038858a10
Event: 42.544 Thread 0x000002204f8209b0 flushing  nmethod 0x0000022038985390
Event: 42.544 Thread 0x000002204f8209b0 flushing  nmethod 0x0000022038a24310
Event: 42.544 Thread 0x000002204f8209b0 flushing  nmethod 0x0000022038a2c290
Event: 42.544 Thread 0x000002204f8209b0 flushing  nmethod 0x0000022038e4d590
Event: 42.544 Thread 0x000002204f8209b0 flushing  nmethod 0x0000022039150810

Events (20 events):
Event: 37.950 Thread 0x0000022057cc64f0 Thread added: 0x0000022057cc3c10
Event: 37.950 Thread 0x0000022057cc64f0 Thread added: 0x00000220575e2fd0
Event: 38.566 Thread 0x0000022055dd09c0 Thread exited: 0x0000022055dd09c0
Event: 38.612 Thread 0x000002204f8b26f0 Thread added: 0x00000220575e1490
Event: 38.613 Thread 0x000002204f8b26f0 Thread added: 0x00000220575e36a0
Event: 38.756 Thread 0x0000022055dd0330 Thread exited: 0x0000022055dd0330
Event: 39.131 Thread 0x00000220575e2fd0 Thread exited: 0x00000220575e2fd0
Event: 39.131 Thread 0x0000022057cc3c10 Thread exited: 0x0000022057cc3c10
Event: 39.245 Thread 0x0000022057cc64f0 Thread exited: 0x0000022057cc64f0
Event: 39.327 Thread 0x00000220575e36a0 Thread added: 0x00000220575e51e0
Event: 39.336 Thread 0x00000220575e51e0 Thread added: 0x00000220575e2900
Event: 39.336 Thread 0x00000220575e51e0 Thread added: 0x00000220575e3d70
Event: 39.545 Thread 0x00000220575e3d70 Thread exited: 0x00000220575e3d70
Event: 39.661 Thread 0x000002204f8ac750 Thread added: 0x00000220575e3d70
Event: 40.195 Thread 0x00000220575e3d70 Thread exited: 0x00000220575e3d70
Event: 41.198 Thread 0x00000220575e2900 Thread exited: 0x00000220575e2900
Event: 41.198 Thread 0x00000220575e51e0 Thread exited: 0x00000220575e51e0
Event: 41.352 Thread 0x00000220575e1490 Thread added: 0x00000220575e2900
Event: 41.369 Thread 0x000002204f8b26f0 Thread added: 0x00000220575e51e0
Event: 41.628 Thread 0x00000220575e51e0 Thread added: 0x00000220575e2230


Dynamic libraries:
0x00007ff676480000 - 0x00007ff67648e000 	c:\Users\Asus\fix_env\lib\site-packages\jdk4py\java-runtime\bin\java.exe
0x00007ffd8b640000 - 0x00007ffd8b8a7000 	C:\WINDOWS\SYSTEM32\ntdll.dll
0x00007ffd8a150000 - 0x00007ffd8a219000 	C:\WINDOWS\System32\KERNEL32.DLL
0x00007ffd88070000 - 0x00007ffd88467000 	C:\WINDOWS\System32\KERNELBASE.dll
0x00007ffd88680000 - 0x00007ffd887cb000 	C:\WINDOWS\System32\ucrtbase.dll
0x00007ffce26a0000 - 0x00007ffce26be000 	c:\Users\Asus\fix_env\lib\site-packages\jdk4py\java-runtime\bin\VCRUNTIME140.dll
0x00007ffcfbed0000 - 0x00007ffcfbee8000 	c:\Users\Asus\fix_env\lib\site-packages\jdk4py\java-runtime\bin\jli.dll
0x00007ffd8b230000 - 0x00007ffd8b3f6000 	C:\WINDOWS\System32\USER32.dll
0x00007ffd711b0000 - 0x00007ffd71442000 	C:\WINDOWS\WinSxS\amd64_microsoft.windows.common-controls_6595b64144ccf1df_6.0.26100.8457_none_3e0b2faee331e92d\COMCTL32.dll
0x00007ffd88650000 - 0x00007ffd88677000 	C:\WINDOWS\System32\win32u.dll
0x00007ffd8aa70000 - 0x00007ffd8ab19000 	C:\WINDOWS\System32\msvcrt.dll
0x00007ffd8a7e0000 - 0x00007ffd8a80b000 	C:\WINDOWS\System32\GDI32.dll
0x00007ffd88470000 - 0x00007ffd8859c000 	C:\WINDOWS\System32\gdi32full.dll
0x00007ffd885a0000 - 0x00007ffd88643000 	C:\WINDOWS\System32\msvcp_win.dll
0x00007ffd8a8d0000 - 0x00007ffd8a902000 	C:\WINDOWS\System32\IMM32.DLL
0x00007ffcfec80000 - 0x00007ffcfec8c000 	c:\Users\Asus\fix_env\lib\site-packages\jdk4py\java-runtime\bin\vcruntime140_1.dll
0x00007ffca3240000 - 0x00007ffca32cd000 	c:\Users\Asus\fix_env\lib\site-packages\jdk4py\java-runtime\bin\msvcp140.dll
0x00007ffca24a0000 - 0x00007ffca3237000 	c:\Users\Asus\fix_env\lib\site-packages\jdk4py\java-runtime\bin\server\jvm.dll
0x00007ffd8a220000 - 0x00007ffd8a2d6000 	C:\WINDOWS\System32\ADVAPI32.dll
0x00007ffd8a820000 - 0x00007ffd8a8c7000 	C:\WINDOWS\System32\sechost.dll
0x00007ffd8b4e0000 - 0x00007ffd8b5f8000 	C:\WINDOWS\System32\RPCRT4.dll
0x00007ffd89560000 - 0x00007ffd895e0000 	C:\WINDOWS\System32\WS2_32.dll
0x00007ffd87ed0000 - 0x00007ffd87f2e000 	C:\WINDOWS\SYSTEM32\POWRPROF.dll
0x00007ffd81110000 - 0x00007ffd8111b000 	C:\WINDOWS\SYSTEM32\VERSION.dll
0x00007ffd810d0000 - 0x00007ffd81106000 	C:\WINDOWS\SYSTEM32\WINMM.dll
0x00007ffd87eb0000 - 0x00007ffd87ec4000 	C:\WINDOWS\SYSTEM32\UMPDC.dll
0x00007ffd86e00000 - 0x00007ffd86e1b000 	C:\WINDOWS\SYSTEM32\kernel.appcore.dll
0x00007ffcfdf60000 - 0x00007ffcfdf6a000 	c:\Users\Asus\fix_env\lib\site-packages\jdk4py\java-runtime\bin\jimage.dll
0x00007ffd86000000 - 0x00007ffd86242000 	C:\WINDOWS\SYSTEM32\DBGHELP.DLL
0x00007ffd8ab20000 - 0x00007ffd8aea3000 	C:\WINDOWS\System32\combase.dll
0x00007ffd8a990000 - 0x00007ffd8aa69000 	C:\WINDOWS\System32\OLEAUT32.dll
0x00007ffd56050000 - 0x00007ffd5608b000 	C:\WINDOWS\SYSTEM32\dbgcore.DLL
0x00007ffd89310000 - 0x00007ffd893b8000 	C:\WINDOWS\System32\bcryptPrimitives.dll
0x00007ffcd9940000 - 0x00007ffcd995f000 	c:\Users\Asus\fix_env\lib\site-packages\jdk4py\java-runtime\bin\java.dll
0x00007ffd895f0000 - 0x00007ffd89d5e000 	C:\WINDOWS\System32\SHELL32.dll
0x00007ffd88aa0000 - 0x00007ffd8930c000 	C:\WINDOWS\System32\windows.storage.dll
0x00007ffd89f50000 - 0x00007ffd8a046000 	C:\WINDOWS\System32\SHCORE.dll
0x00007ffd8a770000 - 0x00007ffd8a7d6000 	C:\WINDOWS\System32\shlwapi.dll
0x00007ffd87f90000 - 0x00007ffd87fb9000 	C:\WINDOWS\SYSTEM32\profapi.dll
0x00007ffcfc6f0000 - 0x00007ffcfc700000 	C:\Users\Asus\fix_env\Lib\site-packages\jdk4py\java-runtime\bin\net.dll
0x00007ffd7e110000 - 0x00007ffd7e239000 	C:\WINDOWS\SYSTEM32\WINHTTP.dll
0x00007ffd87370000 - 0x00007ffd873dc000 	C:\WINDOWS\system32\mswsock.dll
0x00007ffcd6ae0000 - 0x00007ffcd6af6000 	C:\Users\Asus\fix_env\Lib\site-packages\jdk4py\java-runtime\bin\nio.dll
0x00007ffcd4e50000 - 0x00007ffcd4e68000 	C:\Users\Asus\fix_env\Lib\site-packages\jdk4py\java-runtime\bin\zip.dll
0x00007ffd87650000 - 0x00007ffd8766b000 	C:\WINDOWS\SYSTEM32\CRYPTSP.dll
0x00007ffd86d40000 - 0x00007ffd86d79000 	C:\WINDOWS\system32\rsaenh.dll
0x00007ffd87420000 - 0x00007ffd87453000 	C:\WINDOWS\SYSTEM32\USERENV.dll
0x00007ffd87f60000 - 0x00007ffd87f8a000 	C:\WINDOWS\SYSTEM32\bcrypt.dll
0x00007ffd87670000 - 0x00007ffd8767c000 	C:\WINDOWS\SYSTEM32\CRYPTBASE.dll
0x00007ffd867c0000 - 0x00007ffd867f2000 	C:\WINDOWS\SYSTEM32\IPHLPAPI.DLL
0x00007ffd8b490000 - 0x00007ffd8b49a000 	C:\WINDOWS\System32\NSI.dll
0x00007ffd68a80000 - 0x00007ffd68ac9000 	C:\Users\Asus\AppData\Local\Temp\jna-2050672\jna6271247160735723740.dll
0x00007ffd8b400000 - 0x00007ffd8b408000 	C:\WINDOWS\System32\PSAPI.DLL
0x00007ffd60000000 - 0x00007ffd60018000 	C:\WINDOWS\system32\napinsp.dll
0x00007ffd86850000 - 0x00007ffd86982000 	C:\WINDOWS\SYSTEM32\DNSAPI.dll
0x00007ffd5fcc0000 - 0x00007ffd5fcd3000 	C:\WINDOWS\System32\winrnr.dll
0x00007ffd5e310000 - 0x00007ffd5e332000 	C:\WINDOWS\system32\nlansp_c.dll
0x00007ffd7daf0000 - 0x00007ffd7db06000 	C:\WINDOWS\system32\wshbth.dll
0x00007ffd7df50000 - 0x00007ffd7df5b000 	C:\Windows\System32\rasadhlp.dll
0x00007ffd81a90000 - 0x00007ffd81b16000 	C:\WINDOWS\System32\fwpuclnt.dll
0x00007ffd50c30000 - 0x00007ffd50c38000 	C:\WINDOWS\system32\wshunix.dll
0x00007ffcfbec0000 - 0x00007ffcfbec9000 	C:\Users\Asus\fix_env\Lib\site-packages\jdk4py\java-runtime\bin\extnet.dll
0x00007ffcfade0000 - 0x00007ffcfadea000 	C:\Users\Asus\fix_env\Lib\site-packages\jdk4py\java-runtime\bin\management.dll
0x00007ffcfaa50000 - 0x00007ffcfaa5b000 	C:\Users\Asus\fix_env\Lib\site-packages\jdk4py\java-runtime\bin\management_ext.dll
0x00007ffcfa2e0000 - 0x00007ffcfa2f0000 	c:\Users\Asus\fix_env\lib\site-packages\jdk4py\java-runtime\bin\verify.dll

JVMTI agents: none

dbghelp: loaded successfully - version: 4.0.5 - missing functions: none
symbol engine: initialized successfully - sym options: 0x614 - pdb path: .;c:\Users\Asus\fix_env\lib\site-packages\jdk4py\java-runtime\bin;C:\WINDOWS\SYSTEM32;C:\WINDOWS\WinSxS\amd64_microsoft.windows.common-controls_6595b64144ccf1df_6.0.26100.8457_none_3e0b2faee331e92d;c:\Users\Asus\fix_env\lib\site-packages\jdk4py\java-runtime\bin\server;C:\Users\Asus\AppData\Local\Temp\jna-2050672

VM Arguments:
jvm_args: --add-opens=java.base/java.nio=ALL-UNNAMED --add-opens=java.base/java.util=ALL-UNNAMED --add-opens=java.base/java.lang=ALL-UNNAMED -Dactiveviam.feature.experimental.allow_change_measure_type.enabled=true -Dactiveviam.feature.experimental.copper_in_distributed_cube.enabled=true -Dactiveviam.feature.experimental.dynamic_aggregate_provider.enabled=true -Dactiveviam.feature.experimental.experimental_copper.enabled=true -Dloader.path=c:\Users\Asus\fix_env\lib\site-packages\_atoti_server\__resources__\application.jar,c:\Users\Asus\fix_env\lib\site-packages\_atoti_server\__resources__\atoti-admin-ui.jar,c:\Users\Asus\fix_env\lib\site-packages\_atoti_server\__resources__\atoti-ui-initial-content.jar,c:\Users\Asus\fix_env\lib\site-packages\_atoti_server_parquet\__resources__\plugin.jar -Dotel.service.name=atoti.server -Dserver.port=0 -Dserver.session_directory=C:\Users\Asus\.atoti\1779901034549494300-19532-1 -Dserver.logging.disable_console_logging=true -Dhadoop.home.dir=c:\Users\Asus\fix_env\lib\site-packages\_atoti_server\__resources__\hadoop-3.2.1 
java_command: c:\Users\Asus\fix_env\lib\site-packages\_atoti_server\__resources__\server.jar --bind-address=127.0.0.1 --enable-auth --session-config-path=C:\Users\Asus\AppData\Local\Temp\tmp1eh64ajy.json --port-path=C:\Users\Asus\AppData\Local\Temp\tmpmkp9wuyy
java_class_path (initial): c:\Users\Asus\fix_env\lib\site-packages\_atoti_server\__resources__\server.jar
Launcher Type: SUN_STANDARD

[Global flags]
     intx CICompilerCount                          = 12                                        {product} {ergonomic}
     uint ConcGCThreads                            = 3                                         {product} {ergonomic}
     uint G1ConcRefinementThreads                  = 13                                        {product} {ergonomic}
   size_t G1HeapRegionSize                         = 2097152                                   {product} {ergonomic}
    uintx GCDrainStackTargetSize                   = 64                                        {product} {ergonomic}
   size_t InitialHeapSize                          = 260046848                                 {product} {ergonomic}
   size_t MarkStackSize                            = 4194304                                   {product} {ergonomic}
   size_t MaxHeapSize                              = 4135583744                                {product} {ergonomic}
   size_t MaxNewSize                               = 2480930816                                {product} {ergonomic}
   size_t MinHeapDeltaBytes                        = 2097152                                   {product} {ergonomic}
   size_t MinHeapSize                              = 8388608                                   {product} {ergonomic}
    uintx NonNMethodCodeHeapSize                   = 7602480                                {pd product} {ergonomic}
    uintx NonProfiledCodeHeapSize                  = 122027880                              {pd product} {ergonomic}
    uintx ProfiledCodeHeapSize                     = 122027880                              {pd product} {ergonomic}
    uintx ReservedCodeCacheSize                    = 251658240                              {pd product} {ergonomic}
     bool SegmentedCodeCache                       = true                                      {product} {ergonomic}
   size_t SoftMaxHeapSize                          = 4135583744                             {manageable} {ergonomic}
     bool UseCompressedOops                        = true                           {product lp64_product} {ergonomic}
     bool UseG1GC                                  = true                                      {product} {ergonomic}
     bool UseLargePagesIndividualAllocation        = false                                  {pd product} {ergonomic}

Logging:
Log output configuration:
 #0: stdout all=warning uptime,level,tags foldmultilines=false
 #1: stderr all=off uptime,level,tags foldmultilines=false

Environment Variables:
PATH=c:\Users\Asus\fix_env\Scripts;C:\Users\Asus\fix_env\Scripts;C:\Windows\System32;C:\Windows;C:\Windows\System32\wbem;C:\Windows\System32\WindowsPowerShell\v1.0\;C:\Windows\System32\OpenSSH\;C:\Program Files\Git\cmd;C:\Program Files (x86)\GnuPG\bin;C:\Users\Asus\.local\bin;C:\Users\Asus\AppData\Local\Microsoft\WindowsApps;C:\Users\Asus\AppData\Local\Programs\Microsoft VS Code\bin;C:\Users\Asus\AppData\Local\GitHubDesktop\bin;C:\Users\Asus\AppData\Local\Python\bin;c:\Users\Asus\fix_env\lib\site-packages\_atoti_server\__resources__\hadoop-3.2.1\bin
USERNAME=Asus
TERM=xterm-color
OS=Windows_NT
PROCESSOR_IDENTIFIER=AMD64 Family 25 Model 80 Stepping 0, AuthenticAMD
TMP=C:\Users\Asus\AppData\Local\Temp
TEMP=C:\Users\Asus\AppData\Local\Temp




Periodic native trim disabled

---------------  S Y S T E M  ---------------

OS:
 Windows 11 , 64 bit Build 26100 (10.0.26100.8328)
OS uptime: 0 days 5:14 hours
Hyper-V role detected

CPU: total 16 (initial active 16) (16 cores per cpu, 2 threads per core) family 25 model 80 stepping 0 microcode 0xa500011, cx8, cmov, fxsr, ht, mmx, 3dnowpref, sse, sse2, sse3, ssse3, sse4a, sse4.1, sse4.2, popcnt, lzcnt, tsc, tscinvbit, avx, avx2, aes, erms, clmul, bmi1, bmi2, adx, sha, fma, vzeroupper, clflush, clflushopt, hv, rdtscp, rdpid, fsrm, f16c, cet_ss
Processor Information for the first 16 processors :
  Max Mhz: 2000, Current Mhz: 1890, Mhz Limit: 2000

Memory: 4k page, system-wide physical 15773M (940M free)
TotalPageFile size 19759M (AvailPageFile size 180M)
current process WorkingSet (physical memory assigned to process): 717M, peak: 732M
current process commit charge ("private bytes"): 768M, peak: 1315M

vm_info: OpenJDK 64-Bit Server VM (21.0.8+9-LTS) for windows-amd64 JRE (21.0.8+9-LTS), built on 2025-07-15T00:00:00Z by "admin" with MS VC++ 17.7 (VS2022)

END.
